============================= test session starts =============================
platform win32 -- Python 3.10.11, pytest-9.0.3, pluggy-1.6.0
rootdir: F:\Joydeb-Data\EchoFace_Eng1.0.1
plugins: anyio-4.13.0
collected 1 item

tests\stress_phase_1_2.py 
=== Phase 2: Coarse Track Identity Audit ===
Step 2: Occluding target under HIGH pressure
DEBUG t1 coords before occlusion: x=100.0, y=100.0, w=100, h=100
DEBUG First occlusion frame 51: raw_faces=60, t1.occlusion=1.0
DEBUG temporal_max_track_distance=90.0
  Face centroid=(440,341) track_1 centroid=(150,150) dist=347
  Face centroid=(590,338) track_1 centroid=(150,150) dist=478
  Face centroid=(739,340) track_1 centroid=(150,150) dist=619
Frame 60: Pressure=1.00 Band=0 Pending=44 Tracks=7
  Track track_1: state=coarse lost_frames=5 visibility=48 last_seen=55
Frame 70: Pressure=0.65 Band=0 Pending=13 Tracks=48
  Track track_1: state=coarse lost_frames=10 visibility=63 last_seen=70
Frame 80: Pressure=0.50 Band=2 Pending=10 Tracks=51
  Track track_1: state=coarse lost_frames=13 visibility=72 last_seen=79
Frame 90: Pressure=0.50 Band=1 Pending=10 Tracks=51
  Track track_1: state=coarse lost_frames=13 visibility=83 last_seen=90
Frame 100: Pressure=0.50 Band=1 Pending=10 Tracks=51
  Track track_1: state=coarse lost_frames=14 visibility=93 last_seen=100
Frame 110: Pressure=0.50 Band=1 Pending=10 Tracks=51
  Track track_1: state=coarse lost_frames=15 visibility=103 last_seen=110
Frame 120: Pressure=0.50 Band=1 Pending=10 Tracks=51
  Track track_1: state=coarse lost_frames=16 visibility=112 last_seen=119
Frame 130: Pressure=0.50 Band=1 Pending=10 Tracks=51
  Track track_1: state=coarse lost_frames=16 visibility=123 last_seen=130
Frame 140: Pressure=0.50 Band=1 Pending=10 Tracks=51
  Track track_1: state=coarse lost_frames=17 visibility=133 last_seen=140
Frame 150: Pressure=0.50 Band=1 Pending=10 Tracks=51
  Track track_1: state=coarse lost_frames=18 visibility=143 last_seen=150
Frame 160: Pressure=0.50 Band=1 Pending=10 Tracks=51
  Track track_1: state=coarse lost_frames=19 visibility=153 last_seen=160
Frame 170: Pressure=0.50 Band=1 Pending=10 Tracks=51
  Track track_1: state=coarse lost_frames=20 visibility=163 last_seen=170
Frame 180: Pressure=0.50 Band=1 Pending=10 Tracks=51
  Track track_1: state=coarse lost_frames=21 visibility=172 last_seen=179
Frame 190: Pressure=0.50 Band=1 Pending=10 Tracks=51
  Track track_1: state=coarse lost_frames=21 visibility=183 last_seen=190
Frame 200: Pressure=0.50 Band=1 Pending=10 Tracks=51
  Track track_1: state=coarse lost_frames=22 visibility=193 last_seen=200
Frame 210: Pressure=0.50 Band=1 Pending=10 Tracks=51
  Track track_1: state=coarse lost_frames=23 visibility=203 last_seen=210
Final track state: coarse, lost_frames: 23, visibility: 203
Track track_1 status: coarse
Step 3: Target re-enters. Checking identity continuity.
F

================================== FAILURES ===================================
_______________________ test_phase_2_coarse_track_audit _______________________

    def test_phase_2_coarse_track_audit():
        print("\n=== Phase 2: Coarse Track Identity Audit ===")
        metrics.reset()
        overrides = {
            "ENABLE_ADAPTIVE_LOAD_GOVERNANCE": True,
            "ENABLE_COARSE_TRACKING": True,
            "COARSE_TRACK_SURVIVAL_MS": 5000,
            "TRACKING_EXPIRATION_MS": 500,
            "GOVERNANCE_MAX_CANDIDATE_QUEUE_SIZE": 100,
            "DETECTOR_INTERVAL_FRAMES": 1,
            "PREPROCESSING_MAX_WIDTH": 1920,
            "PREPROCESSING_MAX_HEIGHT": 1080,
            "ENABLE_LEGACY_FACE_VALIDATION": False,
            "ENABLE_LEGACY_QUALITY_CHECKS": False,
            "VALIDATOR_MIN_DETECTOR_CONFIDENCE": 0.1,
            "VALIDATOR_MIN_FACE_AREA_RATIO": 0.0001,
            "VALIDATOR_MAX_FACE_AREA_RATIO": 1.0,
            "VALIDATOR_MIN_BLUR_VAR": 0.0001,
            "VALIDATOR_MIN_BRIGHTNESS": 0.0001,
            "VALIDATOR_MAX_BRIGHTNESS": 255.0,
            "VALIDATOR_MIN_ASPECT_RATIO": 0.1,
            "VALIDATOR_MAX_ASPECT_RATIO": 10.0,
            "VALIDATOR_EDGE_MARGIN_RATIO": 0.0,
            "VALIDATOR_QUALITY_CUTOFF": 0.0,
            "VALIDATOR_STRICT_CUTOFF": 0.5,
            "DETECTOR_INPUT_WIDTH": 1920,
            "DETECTOR_INPUT_HEIGHT": 1080
        }
        settings = Settings(**overrides)
    
        world = SimulationWorld()
        # Target 1
        t1 = SimulatedObject("Target_1", true_id=1, x=100, y=100, w=100, h=100)
        world.add_object(t1)
    
        pipeline = RecognitionPipeline(
            settings=settings,
            detector=MockDetector(world),
            embedder=MockEmbedder(world),
            matcher=MockMatcher()
        )
    
        # 1. Establish track
        run_simulation(pipeline, world, steps=50)
        track_id = list(pipeline._track_manager._tracks.keys())[0]
        track = pipeline._track_manager._tracks[track_id]
        assert track.state in {TrackLifecycleState.CONFIRMED.value, TrackLifecycleState.STABLE.value}
    
        # 2. Force HIGH pressure and OCCLUDE
        print("Step 2: Occluding target under HIGH pressure")
        print(f"DEBUG t1 coords before occlusion: x={t1.x}, y={t1.y}, w={t1.w}, h={t1.h}")
        for i in range(60): # Add many objects to force pressure
            gx = 400 + (i % 8) * 150
            gy = 300 + (i // 8) * 120
            world.add_object(SimulatedObject(f"BG_{i}", true_id=100+i, x=gx, y=gy, w=80, h=80, det_score_base=0.85))
    
        t1.occlusion = 1.0 # Total occlusion
    
        _debug_flags = {"first": True}
        def debug_occlusion(frame_index, p, matches):
            if _debug_flags["first"]:
                raw = p._detector.detect(world.frame_bgr)
                print(f"DEBUG First occlusion frame {frame_index}: raw_faces={len(raw)}, t1.occlusion={t1.occlusion}")
                print(f"DEBUG temporal_max_track_distance={p._settings.temporal_max_track_distance}")
                for face in raw[:3]:
                    cx = (face.bbox.x1 + face.bbox.x2) / 2
                    cy = (face.bbox.y1 + face.bbox.y2) / 2
                    # Check distance to track_1
                    t = p._track_manager._tracks.get(track_id)
                    if t:
                        tx = (t.bbox[0] + t.bbox[2]) / 2
                        ty = (t.bbox[1] + t.bbox[3]) / 2
                        dist = ((cx - tx)**2 + (cy - ty)**2) ** 0.5
                        print(f"  Face centroid=({cx:.0f},{cy:.0f}) track_1 centroid=({tx:.0f},{ty:.0f}) dist={dist:.0f}")
                _debug_flags["first"] = False
            if frame_index % 10 == 0:
                band = p._current_pressure_band
                snapshot = metrics.snapshot()
                pressure = snapshot.recent_values.get("state_machine_pressure_score", [0.0])[-1]
                pending = len(p._track_manager._pending)
                tracks = len(p._track_manager._tracks)
                print(f"Frame {frame_index}: Pressure={pressure:.2f} Band={band} Pending={pending} Tracks={tracks}")
                if track_id in p._track_manager._tracks:
                    t = p._track_manager._tracks[track_id]
                    print(f"  Track {track_id}: state={t.state} lost_frames={t.lost_frames} visibility={t.visibility_age} last_seen={t.last_seen_frame}")
                else:
                    print(f"  Track {track_id}: NOT IN TRACKS")
    
        # Run simulation for a while (need > 750ms real time for expiration under cooldown cycles)
        run_simulation(pipeline, world, steps=160, callback=debug_occlusion)
    
        # Verify it became COARSE
        print(f"Final track state: {track.state}, lost_frames: {track.lost_frames}, visibility: {track.visibility_age}")
        assert track.state == TrackLifecycleState.COARSE.value
        print(f"Track {track_id} status: {track.state}")
    
        # 3. Re-entry (RECOVERY)
        print("Step 3: Target re-enters. Checking identity continuity.")
        t1.occlusion = 0.0
        t1.x += 10 # Slight movement
    
        run_simulation(pipeline, world, steps=5)
    
        # Verify it promoted back to CONFIRMED or STABLE
>       assert track.state in {TrackLifecycleState.CONFIRMED.value, TrackLifecycleState.STABLE.value}
E       AssertionError: assert 'coarse' in {'confirmed', 'stable'}
E        +  where 'coarse' = TrackedFace(track_id='track_1', bbox=(100.04582770352746, 100.26866659250072, 200.04582770352746, 200.1481556260028), ...34887914e-02, -6.99041262e-02, -5.19459061e-02],\n      dtype=float32)}, 'no_recovery': True, 'no_reassociation': True}).state

tests\stress_phase_1_2.py:207: AssertionError
------------------------------ Captured log call ------------------------------
WARNING  ecoface_lite.ai_engine.pipeline:pipeline.py:263 REGRESSION WARNING: FPS < 15 (Current: 4.51). Probable Root Cause: System resource exhaustion or high-resolution input. Suggested Action: Reduce input resolution or check CPU/GPU load.
WARNING  ecoface_lite.ai_engine.pipeline:pipeline.py:263 REGRESSION WARNING: FPS < 15 (Current: 10.89). Probable Root Cause: System resource exhaustion or high-resolution input. Suggested Action: Reduce input resolution or check CPU/GPU load.
WARNING  ecoface_lite.ai_engine.pipeline:pipeline.py:287 REGRESSION WARNING: avg_track_lifetime < 10 (Avg: 1.00). Probable Root Cause: Tracking instability or coordinate teleportation. Suggested Action: Check BBox smoothing parameters (TRACKING_BBOX_EMA_ALPHA).
WARNING  ecoface_lite.ai_engine.pipeline:pipeline.py:287 REGRESSION WARNING: avg_track_lifetime < 10 (Avg: 1.00). Probable Root Cause: Tracking instability or coordinate teleportation. Suggested Action: Check BBox smoothing parameters (TRACKING_BBOX_EMA_ALPHA).
WARNING  ecoface_lite.ai_engine.pipeline:pipeline.py:287 REGRESSION WARNING: avg_track_lifetime < 10 (Avg: 1.00). Probable Root Cause: Tracking instability or coordinate teleportation. Suggested Action: Check BBox smoothing parameters (TRACKING_BBOX_EMA_ALPHA).
WARNING  ecoface_lite.ai_engine.pipeline:pipeline.py:287 REGRESSION WARNING: avg_track_lifetime < 10 (Avg: 1.00). Probable Root Cause: Tracking instability or coordinate teleportation. Suggested Action: Check BBox smoothing parameters (TRACKING_BBOX_EMA_ALPHA).
WARNING  ecoface_lite.ai_engine.pipeline:pipeline.py:287 REGRESSION WARNING: avg_track_lifetime < 10 (Avg: 1.00). Probable Root Cause: Tracking instability or coordinate teleportation. Suggested Action: Check BBox smoothing parameters (TRACKING_BBOX_EMA_ALPHA).
WARNING  ecoface_lite.ai_engine.pipeline:pipeline.py:263 REGRESSION WARNING: FPS < 15 (Current: 13.66). Probable Root Cause: System resource exhaustion or high-resolution input. Suggested Action: Reduce input resolution or check CPU/GPU load.
WARNING  ecoface_lite.ai_engine.pipeline:pipeline.py:287 REGRESSION WARNING: avg_track_lifetime < 10 (Avg: 1.00). Probable Root Cause: Tracking instability or coordinate teleportation. Suggested Action: Check BBox smoothing parameters (TRACKING_BBOX_EMA_ALPHA).
WARNING  ecoface_lite.ai_engine.pipeline:pipeline.py:287 REGRESSION WARNING: avg_track_lifetime < 10 (Avg: 1.00). Probable Root Cause: Tracking instability or coordinate teleportation. Suggested Action: Check BBox smoothing parameters (TRACKING_BBOX_EMA_ALPHA).
WARNING  ecoface_lite.ai_engine.pipeline:pipeline.py:287 REGRESSION WARNING: avg_track_lifetime < 10 (Avg: 1.00). Probable Root Cause: Tracking instability or coordinate teleportation. Suggested Action: Check BBox smoothing parameters (TRACKING_BBOX_EMA_ALPHA).
WARNING  ecoface_lite.ai_engine.pipeline:pipeline.py:263 REGRESSION WARNING: FPS < 15 (Current: 10.92). Probable Root Cause: System resource exhaustion or high-resolution input. Suggested Action: Reduce input resolution or check CPU/GPU load.
WARNING  ecoface_lite.ai_engine.pipeline:pipeline.py:287 REGRESSION WARNING: avg_track_lifetime < 10 (Avg: 5.00). Probable Root Cause: Tracking instability or coordinate teleportation. Suggested Action: Check BBox smoothing parameters (TRACKING_BBOX_EMA_ALPHA).
WARNING  ecoface_lite.ai_engine.pipeline:pipeline.py:287 REGRESSION WARNING: avg_track_lifetime < 10 (Avg: 5.00). Probable Root Cause: Tracking instability or coordinate teleportation. Suggested Action: Check BBox smoothing parameters (TRACKING_BBOX_EMA_ALPHA).
WARNING  ecoface_lite.ai_engine.pipeline:pipeline.py:287 REGRESSION WARNING: avg_track_lifetime < 10 (Avg: 5.00). Probable Root Cause: Tracking instability or coordinate teleportation. Suggested Action: Check BBox smoothing parameters (TRACKING_BBOX_EMA_ALPHA).
WARNING  ecoface_lite.ai_engine.pipeline:pipeline.py:287 REGRESSION WARNING: avg_track_lifetime < 10 (Avg: 5.00). Probable Root Cause: Tracking instability or coordinate teleportation. Suggested Action: Check BBox smoothing parameters (TRACKING_BBOX_EMA_ALPHA).
WARNING  ecoface_lite.ai_engine.pipeline:pipeline.py:287 REGRESSION WARNING: avg_track_lifetime < 10 (Avg: 5.00). Probable Root Cause: Tracking instability or coordinate teleportation. Suggested Action: Check BBox smoothing parameters (TRACKING_BBOX_EMA_ALPHA).
WARNING  ecoface_lite.ai_engine.pipeline:pipeline.py:287 REGRESSION WARNING: avg_track_lifetime < 10 (Avg: 5.00). Probable Root Cause: Tracking instability or coordinate teleportation. Suggested Action: Check BBox smoothing parameters (TRACKING_BBOX_EMA_ALPHA).
WARNING  ecoface_lite.ai_engine.pipeline:pipeline.py:287 REGRESSION WARNING: avg_track_lifetime < 10 (Avg: 5.00). Probable Root Cause: Tracking instability or coordinate teleportation. Suggested Action: Check BBox smoothing parameters (TRACKING_BBOX_EMA_ALPHA).
WARNING  ecoface_lite.ai_engine.pipeline:pipeline.py:287 REGRESSION WARNING: avg_track_lifetime < 10 (Avg: 5.00). Probable Root Cause: Tracking instability or coordinate teleportation. Suggested Action: Check BBox smoothing parameters (TRACKING_BBOX_EMA_ALPHA).
WARNING  ecoface_lite.ai_engine.pipeline:pipeline.py:263 REGRESSION WARNING: FPS < 15 (Current: 12.03). Probable Root Cause: System resource exhaustion or high-resolution input. Suggested Action: Reduce input resolution or check CPU/GPU load.
WARNING  ecoface_lite.ai_engine.pipeline:pipeline.py:287 REGRESSION WARNING: avg_track_lifetime < 10 (Avg: 9.00). Probable Root Cause: Tracking instability or coordinate teleportation. Suggested Action: Check BBox smoothing parameters (TRACKING_BBOX_EMA_ALPHA).
WARNING  ecoface_lite.ai_engine.pipeline:pipeline.py:287 REGRESSION WARNING: avg_track_lifetime < 10 (Avg: 9.00). Probable Root Cause: Tracking instability or coordinate teleportation. Suggested Action: Check BBox smoothing parameters (TRACKING_BBOX_EMA_ALPHA).
WARNING  ecoface_lite.ai_engine.pipeline:pipeline.py:287 REGRESSION WARNING: avg_track_lifetime < 10 (Avg: 9.00). Probable Root Cause: Tracking instability or coordinate teleportation. Suggested Action: Check BBox smoothing parameters (TRACKING_BBOX_EMA_ALPHA).
WARNING  ecoface_lite.ai_engine.pipeline:pipeline.py:287 REGRESSION WARNING: avg_track_lifetime < 10 (Avg: 9.00). Probable Root Cause: Tracking instability or coordinate teleportation. Suggested Action: Check BBox smoothing parameters (TRACKING_BBOX_EMA_ALPHA).
WARNING  ecoface_lite.ai_engine.pipeline:pipeline.py:287 REGRESSION WARNING: avg_track_lifetime < 10 (Avg: 9.00). Probable Root Cause: Tracking instability or coordinate teleportation. Suggested Action: Check BBox smoothing parameters (TRACKING_BBOX_EMA_ALPHA).
WARNING  ecoface_lite.ai_engine.pipeline:pipeline.py:287 REGRESSION WARNING: avg_track_lifetime < 10 (Avg: 9.00). Probable Root Cause: Tracking instability or coordinate teleportation. Suggested Action: Check BBox smoothing parameters (TRACKING_BBOX_EMA_ALPHA).
WARNING  ecoface_lite.ai_engine.pipeline:pipeline.py:287 REGRESSION WARNING: avg_track_lifetime < 10 (Avg: 9.00). Probable Root Cause: Tracking instability or coordinate teleportation. Suggested Action: Check BBox smoothing parameters (TRACKING_BBOX_EMA_ALPHA).
WARNING  ecoface_lite.ai_engine.pipeline:pipeline.py:287 REGRESSION WARNING: avg_track_lifetime < 10 (Avg: 9.00). Probable Root Cause: Tracking instability or coordinate teleportation. Suggested Action: Check BBox smoothing parameters (TRACKING_BBOX_EMA_ALPHA).
WARNING  ecoface_lite.ai_engine.pipeline:pipeline.py:263 REGRESSION WARNING: FPS < 15 (Current: 14.69). Probable Root Cause: System resource exhaustion or high-resolution input. Suggested Action: Reduce input resolution or check CPU/GPU load.
WARNING  ecoface_lite.ai_engine.pipeline:pipeline.py:263 REGRESSION WARNING: FPS < 15 (Current: 11.14). Probable Root Cause: System resource exhaustion or high-resolution input. Suggested Action: Reduce input resolution or check CPU/GPU load.
WARNING  ecoface_lite.ai_engine.pipeline:pipeline.py:263 REGRESSION WARNING: FPS < 15 (Current: 8.98). Probable Root Cause: System resource exhaustion or high-resolution input. Suggested Action: Reduce input resolution or check CPU/GPU load.
WARNING  ecoface_lite.ai_engine.pipeline:pipeline.py:807 Detector overload frame_index=56 count=50. Activating load-shedding: interval=5
WARNING  ecoface_lite.ai_engine.pipeline:pipeline.py:263 REGRESSION WARNING: FPS < 15 (Current: 8.55). Probable Root Cause: System resource exhaustion or high-resolution input. Suggested Action: Reduce input resolution or check CPU/GPU load.
WARNING  ecoface_lite.ai_engine.pipeline:pipeline.py:311 REGRESSION WARNING: Zero track recoveries despite active detections. Probable Root Cause: Ghosting window too small or association logic too strict. Suggested Action: Increase TRACKING_SOFT_RECOVERY_FRAMES or TEMPORAL_MAX_TRACK_DISTANCE.
WARNING  ecoface_lite.ai_engine.pipeline:pipeline.py:323 REGRESSION WARNING: Confirmation Pending Saturation (50 tracks). Probable Root Cause: Adaptive confirmation criteria not being met. Suggested Action: Lower TRACKING_FAST_CONFIRM_MIN_CONSISTENCY or check image quality.
WARNING  ecoface_lite.ai_engine.pipeline:pipeline.py:807 Detector overload frame_index=57 count=50. Activating load-shedding: interval=5
WARNING  ecoface_lite.ai_engine.tracking.track_manager:track_manager.py:199 STATE MACHINE CONGESTION: pressure=1.00 band=3 candidates=50 churn=0. 
WARNING  ecoface_lite.ai_engine.pipeline:pipeline.py:263 REGRESSION WARNING: FPS < 15 (Current: 8.28). Probable Root Cause: System resource exhaustion or high-resolution input. Suggested Action: Reduce input resolution or check CPU/GPU load.
WARNING  ecoface_lite.ai_engine.pipeline:pipeline.py:311 REGRESSION WARNING: Zero track recoveries despite active detections. Probable Root Cause: Ghosting window too small or association logic too strict. Suggested Action: Increase TRACKING_SOFT_RECOVERY_FRAMES or TEMPORAL_MAX_TRACK_DISTANCE.
WARNING  ecoface_lite.ai_engine.pipeline:pipeline.py:323 REGRESSION WARNING: Confirmation Pending Saturation (100 tracks). Probable Root Cause: Adaptive confirmation criteria not being met. Suggested Action: Lower TRACKING_FAST_CONFIRM_MIN_CONSISTENCY or check image quality.
WARNING  ecoface_lite.ai_engine.pipeline:pipeline.py:389 GOVERNANCE: Emergency recall mode active (confirmed_tracks=0, candidates=50, has_coarse=True)
WARNING  ecoface_lite.ai_engine.pipeline:pipeline.py:807 Detector overload frame_index=58 count=50. Activating load-shedding: interval=5
WARNING  ecoface_lite.ai_engine.tracking.track_manager:track_manager.py:199 STATE MACHINE CONGESTION: pressure=1.00 band=3 candidates=50 churn=0. 
WARNING  ecoface_lite.ai_engine.pipeline:pipeline.py:263 REGRESSION WARNING: FPS < 15 (Current: 8.98). Probable Root Cause: System resource exhaustion or high-resolution input. Suggested Action: Reduce input resolution or check CPU/GPU load.
WARNING  ecoface_lite.ai_engine.pipeline:pipeline.py:311 REGRESSION WARNING: Zero track recoveries despite active detections. Probable Root Cause: Ghosting window too small or association logic too strict. Suggested Action: Increase TRACKING_SOFT_RECOVERY_FRAMES or TEMPORAL_MAX_TRACK_DISTANCE.
WARNING  ecoface_lite.ai_engine.pipeline:pipeline.py:323 REGRESSION WARNING: Confirmation Pending Saturation (150 tracks). Probable Root Cause: Adaptive confirmation criteria not being met. Suggested Action: Lower TRACKING_FAST_CONFIRM_MIN_CONSISTENCY or check image quality.
WARNING  ecoface_lite.ai_engine.pipeline:pipeline.py:389 GOVERNANCE: Emergency recall mode active (confirmed_tracks=0, candidates=50, has_coarse=True)
WARNING  ecoface_lite.ai_engine.pipeline:pipeline.py:807 Detector overload frame_index=59 count=50. Activating load-shedding: interval=5
WARNING  ecoface_lite.ai_engine.tracking.track_manager:track_manager.py:199 STATE MACHINE CONGESTION: pressure=1.00 band=3 candidates=50 churn=0. 
WARNING  ecoface_lite.ai_engine.pipeline:pipeline.py:263 REGRESSION WARNING: FPS < 15 (Current: 8.21). Probable Root Cause: System resource exhaustion or high-resolution input. Suggested Action: Reduce input resolution or check CPU/GPU load.
WARNING  ecoface_lite.ai_engine.pipeline:pipeline.py:311 REGRESSION WARNING: Zero track recoveries despite active detections. Probable Root Cause: Ghosting window too small or association logic too strict. Suggested Action: Increase TRACKING_SOFT_RECOVERY_FRAMES or TEMPORAL_MAX_TRACK_DISTANCE.
WARNING  ecoface_lite.ai_engine.pipeline:pipeline.py:323 REGRESSION WARNING: Confirmation Pending Saturation (200 tracks). Probable Root Cause: Adaptive confirmation criteria not being met. Suggested Action: Lower TRACKING_FAST_CONFIRM_MIN_CONSISTENCY or check image quality.
WARNING  ecoface_lite.ai_engine.pipeline:pipeline.py:389 GOVERNANCE: Emergency recall mode active (confirmed_tracks=0, candidates=50, has_coarse=True)
WARNING  ecoface_lite.ai_engine.pipeline:pipeline.py:807 Detector overload frame_index=60 count=50. Activating load-shedding: interval=5
WARNING  ecoface_lite.ai_engine.tracking.track_manager:track_manager.py:199 STATE MACHINE CONGESTION: pressure=1.00 band=3 candidates=50 churn=0. 
WARNING  ecoface_lite.ai_engine.pipeline:pipeline.py:263 REGRESSION WARNING: FPS < 15 (Current: 6.78). Probable Root Cause: System resource exhaustion or high-resolution input. Suggested Action: Reduce input resolution or check CPU/GPU load.
WARNING  ecoface_lite.ai_engine.pipeline:pipeline.py:311 REGRESSION WARNING: Zero track recoveries despite active detections. Probable Root Cause: Ghosting window too small or association logic too strict. Suggested Action: Increase TRACKING_SOFT_RECOVERY_FRAMES or TEMPORAL_MAX_TRACK_DISTANCE.
WARNING  ecoface_lite.ai_engine.pipeline:pipeline.py:323 REGRESSION WARNING: Confirmation Pending Saturation (200 tracks). Probable Root Cause: Adaptive confirmation criteria not being met. Suggested Action: Lower TRACKING_FAST_CONFIRM_MIN_CONSISTENCY or check image quality.
WARNING  ecoface_lite.ai_engine.pipeline:pipeline.py:389 GOVERNANCE: Emergency recall mode active (confirmed_tracks=0, candidates=44, has_coarse=True)
WARNING  ecoface_lite.ai_engine.pipeline:pipeline.py:807 Detector overload frame_index=61 count=50. Activating load-shedding: interval=5
WARNING  ecoface_lite.ai_engine.tracking.track_manager:track_manager.py:199 STATE MACHINE CONGESTION: pressure=1.00 band=3 candidates=44 churn=0. 
WARNING  ecoface_lite.ai_engine.pipeline:pipeline.py:263 REGRESSION WARNING: FPS < 15 (Current: 5.64). Probable Root Cause: System resource exhaustion or high-resolution input. Suggested Action: Reduce input resolution or check CPU/GPU load.
WARNING  ecoface_lite.ai_engine.pipeline:pipeline.py:311 REGRESSION WARNING: Zero track recoveries despite active detections. Probable Root Cause: Ghosting window too small or association logic too strict. Suggested Action: Increase TRACKING_SOFT_RECOVERY_FRAMES or TEMPORAL_MAX_TRACK_DISTANCE.
WARNING  ecoface_lite.ai_engine.pipeline:pipeline.py:323 REGRESSION WARNING: Confirmation Pending Saturation (204 tracks). Probable Root Cause: Adaptive confirmation criteria not being met. Suggested Action: Lower TRACKING_FAST_CONFIRM_MIN_CONSISTENCY or check image quality.
WARNING  ecoface_lite.ai_engine.pipeline:pipeline.py:389 GOVERNANCE: Emergency recall mode active (confirmed_tracks=0, candidates=45, has_coarse=True)
WARNING  ecoface_lite.ai_engine.pipeline:pipeline.py:807 Detector overload frame_index=62 count=50. Activating load-shedding: interval=5
WARNING  ecoface_lite.ai_engine.tracking.track_manager:track_manager.py:199 STATE MACHINE CONGESTION: pressure=1.00 band=3 candidates=45 churn=0. 
WARNING  ecoface_lite.ai_engine.pipeline:pipeline.py:263 REGRESSION WARNING: FPS < 15 (Current: 6.55). Probable Root Cause: System resource exhaustion or high-resolution input. Suggested Action: Reduce input resolution or check CPU/GPU load.
WARNING  ecoface_lite.ai_engine.pipeline:pipeline.py:311 REGRESSION WARNING: Zero track recoveries despite active detections. Probable Root Cause: Ghosting window too small or association logic too strict. Suggested Action: Increase TRACKING_SOFT_RECOVERY_FRAMES or TEMPORAL_MAX_TRACK_DISTANCE.
WARNING  ecoface_lite.ai_engine.pipeline:pipeline.py:323 REGRESSION WARNING: Confirmation Pending Saturation (210 tracks). Probable Root Cause: Adaptive confirmation criteria not being met. Suggested Action: Lower TRACKING_FAST_CONFIRM_MIN_CONSISTENCY or check image quality.
WARNING  ecoface_lite.ai_engine.pipeline:pipeline.py:389 GOVERNANCE: Emergency recall mode active (confirmed_tracks=0, candidates=47, has_coarse=True)
WARNING  ecoface_lite.ai_engine.pipeline:pipeline.py:807 Detector overload frame_index=63 count=50. Activating load-shedding: interval=5
WARNING  ecoface_lite.ai_engine.tracking.track_manager:track_manager.py:199 STATE MACHINE CONGESTION: pressure=1.00 band=3 candidates=47 churn=0. 
WARNING  ecoface_lite.ai_engine.pipeline:pipeline.py:263 REGRESSION WARNING: FPS < 15 (Current: 5.73). Probable Root Cause: System resource exhaustion or high-resolution input. Suggested Action: Reduce input resolution or check CPU/GPU load.
WARNING  ecoface_lite.ai_engine.pipeline:pipeline.py:311 REGRESSION WARNING: Zero track recoveries despite active detections. Probable Root Cause: Ghosting window too small or association logic too strict. Suggested Action: Increase TRACKING_SOFT_RECOVERY_FRAMES or TEMPORAL_MAX_TRACK_DISTANCE.
WARNING  ecoface_lite.ai_engine.pipeline:pipeline.py:323 REGRESSION WARNING: Confirmation Pending Saturation (216 tracks). Probable Root Cause: Adaptive confirmation criteria not being met. Suggested Action: Lower TRACKING_FAST_CONFIRM_MIN_CONSISTENCY or check image quality.
WARNING  ecoface_lite.ai_engine.pipeline:pipeline.py:807 Detector overload frame_index=64 count=50. Activating load-shedding: interval=5
WARNING  ecoface_lite.ai_engine.tracking.track_manager:track_manager.py:199 STATE MACHINE CONGESTION: pressure=1.00 band=3 candidates=47 churn=0. 
WARNING  ecoface_lite.ai_engine.pipeline:pipeline.py:263 REGRESSION WARNING: FPS < 15 (Current: 5.97). Probable Root Cause: System resource exhaustion or high-resolution input. Suggested Action: Reduce input resolution or check CPU/GPU load.
WARNING  ecoface_lite.ai_engine.pipeline:pipeline.py:311 REGRESSION WARNING: Zero track recoveries despite active detections. Probable Root Cause: Ghosting window too small or association logic too strict. Suggested Action: Increase TRACKING_SOFT_RECOVERY_FRAMES or TEMPORAL_MAX_TRACK_DISTANCE.
WARNING  ecoface_lite.ai_engine.pipeline:pipeline.py:323 REGRESSION WARNING: Confirmation Pending Saturation (222 tracks). Probable Root Cause: Adaptive confirmation criteria not being met. Suggested Action: Lower TRACKING_FAST_CONFIRM_MIN_CONSISTENCY or check image quality.
WARNING  ecoface_lite.ai_engine.pipeline:pipeline.py:311 REGRESSION WARNING: Zero track recoveries despite active detections. Probable Root Cause: Ghosting window too small or association logic too strict. Suggested Action: Increase TRACKING_SOFT_RECOVERY_FRAMES or TEMPORAL_MAX_TRACK_DISTANCE.
WARNING  ecoface_lite.ai_engine.pipeline:pipeline.py:323 REGRESSION WARNING: Confirmation Pending Saturation (222 tracks). Probable Root Cause: Adaptive confirmation criteria not being met. Suggested Action: Lower TRACKING_FAST_CONFIRM_MIN_CONSISTENCY or check image quality.
WARNING  ecoface_lite.ai_engine.pipeline:pipeline.py:263 REGRESSION WARNING: FPS < 15 (Current: 13.27). Probable Root Cause: System resource exhaustion or high-resolution input. Suggested Action: Reduce input resolution or check CPU/GPU load.
WARNING  ecoface_lite.ai_engine.pipeline:pipeline.py:311 REGRESSION WARNING: Zero track recoveries despite active detections. Probable Root Cause: Ghosting window too small or association logic too strict. Suggested Action: Increase TRACKING_SOFT_RECOVERY_FRAMES or TEMPORAL_MAX_TRACK_DISTANCE.
WARNING  ecoface_lite.ai_engine.pipeline:pipeline.py:323 REGRESSION WARNING: Confirmation Pending Saturation (222 tracks). Probable Root Cause: Adaptive confirmation criteria not being met. Suggested Action: Lower TRACKING_FAST_CONFIRM_MIN_CONSISTENCY or check image quality.
WARNING  ecoface_lite.ai_engine.pipeline:pipeline.py:263 REGRESSION WARNING: FPS < 15 (Current: 13.94). Probable Root Cause: System resource exhaustion or high-resolution input. Suggested Action: Reduce input resolution or check CPU/GPU load.
WARNING  ecoface_lite.ai_engine.pipeline:pipeline.py:311 REGRESSION WARNING: Zero track recoveries despite active detections. Probable Root Cause: Ghosting window too small or association logic too strict. Suggested Action: Increase TRACKING_SOFT_RECOVERY_FRAMES or TEMPORAL_MAX_TRACK_DISTANCE.
WARNING  ecoface_lite.ai_engine.pipeline:pipeline.py:323 REGRESSION WARNING: Confirmation Pending Saturation (222 tracks). Probable Root Cause: Adaptive confirmation criteria not being met. Suggested Action: Lower TRACKING_FAST_CONFIRM_MIN_CONSISTENCY or check image quality.
WARNING  ecoface_lite.ai_engine.pipeline:pipeline.py:807 Detector overload frame_index=68 count=50. Activating load-shedding: interval=5
WARNING  ecoface_lite.ai_engine.pipeline:pipeline.py:263 REGRESSION WARNING: FPS < 15 (Current: 6.43). Probable Root Cause: System resource exhaustion or high-resolution input. Suggested Action: Reduce input resolution or check CPU/GPU load.
WARNING  ecoface_lite.ai_engine.pipeline:pipeline.py:311 REGRESSION WARNING: Zero track recoveries despite active detections. Probable Root Cause: Ghosting window too small or association logic too strict. Suggested Action: Increase TRACKING_SOFT_RECOVERY_FRAMES or TEMPORAL_MAX_TRACK_DISTANCE.
WARNING  ecoface_lite.ai_engine.pipeline:pipeline.py:323 REGRESSION WARNING: Confirmation Pending Saturation (225 tracks). Probable Root Cause: Adaptive confirmation criteria not being met. Suggested Action: Lower TRACKING_FAST_CONFIRM_MIN_CONSISTENCY or check image quality.
WARNING  ecoface_lite.ai_engine.pipeline:pipeline.py:263 REGRESSION WARNING: FPS < 15 (Current: 14.01). Probable Root Cause: System resource exhaustion or high-resolution input. Suggested Action: Reduce input resolution or check CPU/GPU load.
WARNING  ecoface_lite.ai_engine.pipeline:pipeline.py:311 REGRESSION WARNING: Zero track recoveries despite active detections. Probable Root Cause: Ghosting window too small or association logic too strict. Suggested Action: Increase TRACKING_SOFT_RECOVERY_FRAMES or TEMPORAL_MAX_TRACK_DISTANCE.
WARNING  ecoface_lite.ai_engine.pipeline:pipeline.py:323 REGRESSION WARNING: Confirmation Pending Saturation (225 tracks). Probable Root Cause: Adaptive confirmation criteria not being met. Suggested Action: Lower TRACKING_FAST_CONFIRM_MIN_CONSISTENCY or check image quality.
WARNING  ecoface_lite.ai_engine.pipeline:pipeline.py:263 REGRESSION WARNING: FPS < 15 (Current: 13.01). Probable Root Cause: System resource exhaustion or high-resolution input. Suggested Action: Reduce input resolution or check CPU/GPU load.
WARNING  ecoface_lite.ai_engine.pipeline:pipeline.py:311 REGRESSION WARNING: Zero track recoveries despite active detections. Probable Root Cause: Ghosting window too small or association logic too strict. Suggested Action: Increase TRACKING_SOFT_RECOVERY_FRAMES or TEMPORAL_MAX_TRACK_DISTANCE.
WARNING  ecoface_lite.ai_engine.pipeline:pipeline.py:323 REGRESSION WARNING: Confirmation Pending Saturation (225 tracks). Probable Root Cause: Adaptive confirmation criteria not being met. Suggested Action: Lower TRACKING_FAST_CONFIRM_MIN_CONSISTENCY or check image quality.
WARNING  ecoface_lite.ai_engine.pipeline:pipeline.py:263 REGRESSION WARNING: FPS < 15 (Current: 12.48). Probable Root Cause: System resource exhaustion or high-resolution input. Suggested Action: Reduce input resolution or check CPU/GPU load.
WARNING  ecoface_lite.ai_engine.pipeline:pipeline.py:311 REGRESSION WARNING: Zero track recoveries despite active detections. Probable Root Cause: Ghosting window too small or association logic too strict. Suggested Action: Increase TRACKING_SOFT_RECOVERY_FRAMES or TEMPORAL_MAX_TRACK_DISTANCE.
WARNING  ecoface_lite.ai_engine.pipeline:pipeline.py:323 REGRESSION WARNING: Confirmation Pending Saturation (225 tracks). Probable Root Cause: Adaptive confirmation criteria not being met. Suggested Action: Lower TRACKING_FAST_CONFIRM_MIN_CONSISTENCY or check image quality.
WARNING  ecoface_lite.ai_engine.pipeline:pipeline.py:807 Detector overload frame_index=72 count=50. Activating load-shedding: interval=5
WARNING  ecoface_lite.ai_engine.pipeline:pipeline.py:263 REGRESSION WARNING: FPS < 15 (Current: 5.23). Probable Root Cause: System resource exhaustion or high-resolution input. Suggested Action: Reduce input resolution or check CPU/GPU load.
WARNING  ecoface_lite.ai_engine.pipeline:pipeline.py:311 REGRESSION WARNING: Zero track recoveries despite active detections. Probable Root Cause: Ghosting window too small or association logic too strict. Suggested Action: Increase TRACKING_SOFT_RECOVERY_FRAMES or TEMPORAL_MAX_TRACK_DISTANCE.
WARNING  ecoface_lite.ai_engine.pipeline:pipeline.py:323 REGRESSION WARNING: Confirmation Pending Saturation (225 tracks). Probable Root Cause: Adaptive confirmation criteria not being met. Suggested Action: Lower TRACKING_FAST_CONFIRM_MIN_CONSISTENCY or check image quality.
WARNING  ecoface_lite.ai_engine.pipeline:pipeline.py:263 REGRESSION WARNING: FPS < 15 (Current: 12.32). Probable Root Cause: System resource exhaustion or high-resolution input. Suggested Action: Reduce input resolution or check CPU/GPU load.
WARNING  ecoface_lite.ai_engine.pipeline:pipeline.py:311 REGRESSION WARNING: Zero track recoveries despite active detections. Probable Root Cause: Ghosting window too small or association logic too strict. Suggested Action: Increase TRACKING_SOFT_RECOVERY_FRAMES or TEMPORAL_MAX_TRACK_DISTANCE.
WARNING  ecoface_lite.ai_engine.pipeline:pipeline.py:323 REGRESSION WARNING: Confirmation Pending Saturation (225 tracks). Probable Root Cause: Adaptive confirmation criteria not being met. Suggested Action: Lower TRACKING_FAST_CONFIRM_MIN_CONSISTENCY or check image quality.
WARNING  ecoface_lite.ai_engine.pipeline:pipeline.py:263 REGRESSION WARNING: FPS < 15 (Current: 12.23). Probable Root Cause: System resource exhaustion or high-resolution input. Suggested Action: Reduce input resolution or check CPU/GPU load.
WARNING  ecoface_lite.ai_engine.pipeline:pipeline.py:311 REGRESSION WARNING: Zero track recoveries despite active detections. Probable Root Cause: Ghosting window too small or association logic too strict. Suggested Action: Increase TRACKING_SOFT_RECOVERY_FRAMES or TEMPORAL_MAX_TRACK_DISTANCE.
WARNING  ecoface_lite.ai_engine.pipeline:pipeline.py:323 REGRESSION WARNING: Confirmation Pending Saturation (225 tracks). Probable Root Cause: Adaptive confirmation criteria not being met. Suggested Action: Lower TRACKING_FAST_CONFIRM_MIN_CONSISTENCY or check image quality.
WARNING  ecoface_lite.ai_engine.pipeline:pipeline.py:263 REGRESSION WARNING: FPS < 15 (Current: 13.40). Probable Root Cause: System resource exhaustion or high-resolution input. Suggested Action: Reduce input resolution or check CPU/GPU load.
WARNING  ecoface_lite.ai_engine.pipeline:pipeline.py:311 REGRESSION WARNING: Zero track recoveries despite active detections. Probable Root Cause: Ghosting window too small or association logic too strict. Suggested Action: Increase TRACKING_SOFT_RECOVERY_FRAMES or TEMPORAL_MAX_TRACK_DISTANCE.
WARNING  ecoface_lite.ai_engine.pipeline:pipeline.py:323 REGRESSION WARNING: Confirmation Pending Saturation (225 tracks). Probable Root Cause: Adaptive confirmation criteria not being met. Suggested Action: Lower TRACKING_FAST_CONFIRM_MIN_CONSISTENCY or check image quality.
WARNING  ecoface_lite.ai_engine.pipeline:pipeline.py:807 Detector overload frame_index=76 count=50. Activating load-shedding: interval=5
WARNING  ecoface_lite.ai_engine.pipeline:pipeline.py:263 REGRESSION WARNING: FPS < 15 (Current: 5.78). Probable Root Cause: System resource exhaustion or high-resolution input. Suggested Action: Reduce input resolution or check CPU/GPU load.
WARNING  ecoface_lite.ai_engine.pipeline:pipeline.py:311 REGRESSION WARNING: Zero track recoveries despite active detections. Probable Root Cause: Ghosting window too small or association logic too strict. Suggested Action: Increase TRACKING_SOFT_RECOVERY_FRAMES or TEMPORAL_MAX_TRACK_DISTANCE.
WARNING  ecoface_lite.ai_engine.pipeline:pipeline.py:323 REGRESSION WARNING: Confirmation Pending Saturation (225 tracks). Probable Root Cause: Adaptive confirmation criteria not being met. Suggested Action: Lower TRACKING_FAST_CONFIRM_MIN_CONSISTENCY or check image quality.
WARNING  ecoface_lite.ai_engine.pipeline:pipeline.py:263 REGRESSION WARNING: FPS < 15 (Current: 13.20). Probable Root Cause: System resource exhaustion or high-resolution input. Suggested Action: Reduce input resolution or check CPU/GPU load.
WARNING  ecoface_lite.ai_engine.pipeline:pipeline.py:311 REGRESSION WARNING: Zero track recoveries despite active detections. Probable Root Cause: Ghosting window too small or association logic too strict. Suggested Action: Increase TRACKING_SOFT_RECOVERY_FRAMES or TEMPORAL_MAX_TRACK_DISTANCE.
WARNING  ecoface_lite.ai_engine.pipeline:pipeline.py:323 REGRESSION WARNING: Confirmation Pending Saturation (225 tracks). Probable Root Cause: Adaptive confirmation criteria not being met. Suggested Action: Lower TRACKING_FAST_CONFIRM_MIN_CONSISTENCY or check image quality.
WARNING  ecoface_lite.ai_engine.pipeline:pipeline.py:263 REGRESSION WARNING: FPS < 15 (Current: 14.02). Probable Root Cause: System resource exhaustion or high-resolution input. Suggested Action: Reduce input resolution or check CPU/GPU load.
WARNING  ecoface_lite.ai_engine.pipeline:pipeline.py:311 REGRESSION WARNING: Zero track recoveries despite active detections. Probable Root Cause: Ghosting window too small or association logic too strict. Suggested Action: Increase TRACKING_SOFT_RECOVERY_FRAMES or TEMPORAL_MAX_TRACK_DISTANCE.
WARNING  ecoface_lite.ai_engine.pipeline:pipeline.py:323 REGRESSION WARNING: Confirmation Pending Saturation (225 tracks). Probable Root Cause: Adaptive confirmation criteria not being met. Suggested Action: Lower TRACKING_FAST_CONFIRM_MIN_CONSISTENCY or check image quality.
WARNING  ecoface_lite.ai_engine.pipeline:pipeline.py:263 REGRESSION WARNING: FPS < 15 (Current: 12.88). Probable Root Cause: System resource exhaustion or high-resolution input. Suggested Action: Reduce input resolution or check CPU/GPU load.
WARNING  ecoface_lite.ai_engine.pipeline:pipeline.py:311 REGRESSION WARNING: Zero track recoveries despite active detections. Probable Root Cause: Ghosting window too small or association logic too strict. Suggested Action: Increase TRACKING_SOFT_RECOVERY_FRAMES or TEMPORAL_MAX_TRACK_DISTANCE.
WARNING  ecoface_lite.ai_engine.pipeline:pipeline.py:323 REGRESSION WARNING: Confirmation Pending Saturation (225 tracks). Probable Root Cause: Adaptive confirmation criteria not being met. Suggested Action: Lower TRACKING_FAST_CONFIRM_MIN_CONSISTENCY or check image quality.
WARNING  ecoface_lite.ai_engine.pipeline:pipeline.py:807 Detector overload frame_index=80 count=50. Activating load-shedding: interval=5
WARNING  ecoface_lite.ai_engine.pipeline:pipeline.py:263 REGRESSION WARNING: FPS < 15 (Current: 3.48). Probable Root Cause: System resource exhaustion or high-resolution input. Suggested Action: Reduce input resolution or check CPU/GPU load.
WARNING  ecoface_lite.ai_engine.pipeline:pipeline.py:311 REGRESSION WARNING: Zero track recoveries despite active detections. Probable Root Cause: Ghosting window too small or association logic too strict. Suggested Action: Increase TRACKING_SOFT_RECOVERY_FRAMES or TEMPORAL_MAX_TRACK_DISTANCE.
WARNING  ecoface_lite.ai_engine.pipeline:pipeline.py:323 REGRESSION WARNING: Confirmation Pending Saturation (225 tracks). Probable Root Cause: Adaptive confirmation criteria not being met. Suggested Action: Lower TRACKING_FAST_CONFIRM_MIN_CONSISTENCY or check image quality.
WARNING  ecoface_lite.ai_engine.pipeline:pipeline.py:263 REGRESSION WARNING: FPS < 15 (Current: 13.11). Probable Root Cause: System resource exhaustion or high-resolution input. Suggested Action: Reduce input resolution or check CPU/GPU load.
WARNING  ecoface_lite.ai_engine.pipeline:pipeline.py:311 REGRESSION WARNING: Zero track recoveries despite active detections. Probable Root Cause: Ghosting window too small or association logic too strict. Suggested Action: Increase TRACKING_SOFT_RECOVERY_FRAMES or TEMPORAL_MAX_TRACK_DISTANCE.
WARNING  ecoface_lite.ai_engine.pipeline:pipeline.py:323 REGRESSION WARNING: Confirmation Pending Saturation (225 tracks). Probable Root Cause: Adaptive confirmation criteria not being met. Suggested Action: Lower TRACKING_FAST_CONFIRM_MIN_CONSISTENCY or check image quality.
WARNING  ecoface_lite.ai_engine.pipeline:pipeline.py:263 REGRESSION WARNING: FPS < 15 (Current: 8.53). Probable Root Cause: System resource exhaustion or high-resolution input. Suggested Action: Reduce input resolution or check CPU/GPU load.
WARNING  ecoface_lite.ai_engine.pipeline:pipeline.py:311 REGRESSION WARNING: Zero track recoveries despite active detections. Probable Root Cause: Ghosting window too small or association logic too strict. Suggested Action: Increase TRACKING_SOFT_RECOVERY_FRAMES or TEMPORAL_MAX_TRACK_DISTANCE.
WARNING  ecoface_lite.ai_engine.pipeline:pipeline.py:323 REGRESSION WARNING: Confirmation Pending Saturation (225 tracks). Probable Root Cause: Adaptive confirmation criteria not being met. Suggested Action: Lower TRACKING_FAST_CONFIRM_MIN_CONSISTENCY or check image quality.
WARNING  ecoface_lite.ai_engine.pipeline:pipeline.py:263 REGRESSION WARNING: FPS < 15 (Current: 13.36). Probable Root Cause: System resource exhaustion or high-resolution input. Suggested Action: Reduce input resolution or check CPU/GPU load.
WARNING  ecoface_lite.ai_engine.pipeline:pipeline.py:311 REGRESSION WARNING: Zero track recoveries despite active detections. Probable Root Cause: Ghosting window too small or association logic too strict. Suggested Action: Increase TRACKING_SOFT_RECOVERY_FRAMES or TEMPORAL_MAX_TRACK_DISTANCE.
WARNING  ecoface_lite.ai_engine.pipeline:pipeline.py:323 REGRESSION WARNING: Confirmation Pending Saturation (225 tracks). Probable Root Cause: Adaptive confirmation criteria not being met. Suggested Action: Lower TRACKING_FAST_CONFIRM_MIN_CONSISTENCY or check image quality.
WARNING  ecoface_lite.ai_engine.pipeline:pipeline.py:263 REGRESSION WARNING: FPS < 15 (Current: 8.59). Probable Root Cause: System resource exhaustion or high-resolution input. Suggested Action: Reduce input resolution or check CPU/GPU load.
WARNING  ecoface_lite.ai_engine.pipeline:pipeline.py:311 REGRESSION WARNING: Zero track recoveries despite active detections. Probable Root Cause: Ghosting window too small or association logic too strict. Suggested Action: Increase TRACKING_SOFT_RECOVERY_FRAMES or TEMPORAL_MAX_TRACK_DISTANCE.
WARNING  ecoface_lite.ai_engine.pipeline:pipeline.py:323 REGRESSION WARNING: Confirmation Pending Saturation (225 tracks). Probable Root Cause: Adaptive confirmation criteria not being met. Suggested Action: Lower TRACKING_FAST_CONFIRM_MIN_CONSISTENCY or check image quality.
WARNING  ecoface_lite.ai_engine.pipeline:pipeline.py:263 REGRESSION WARNING: FPS < 15 (Current: 12.66). Probable Root Cause: System resource exhaustion or high-resolution input. Suggested Action: Reduce input resolution or check CPU/GPU load.
WARNING  ecoface_lite.ai_engine.pipeline:pipeline.py:311 REGRESSION WARNING: Zero track recoveries despite active detections. Probable Root Cause: Ghosting window too small or association logic too strict. Suggested Action: Increase TRACKING_SOFT_RECOVERY_FRAMES or TEMPORAL_MAX_TRACK_DISTANCE.
WARNING  ecoface_lite.ai_engine.pipeline:pipeline.py:323 REGRESSION WARNING: Confirmation Pending Saturation (225 tracks). Probable Root Cause: Adaptive confirmation criteria not being met. Suggested Action: Lower TRACKING_FAST_CONFIRM_MIN_CONSISTENCY or check image quality.
WARNING  ecoface_lite.ai_engine.pipeline:pipeline.py:263 REGRESSION WARNING: FPS < 15 (Current: 13.42). Probable Root Cause: System resource exhaustion or high-resolution input. Suggested Action: Reduce input resolution or check CPU/GPU load.
WARNING  ecoface_lite.ai_engine.pipeline:pipeline.py:311 REGRESSION WARNING: Zero track recoveries despite active detections. Probable Root Cause: Ghosting window too small or association logic too strict. Suggested Action: Increase TRACKING_SOFT_RECOVERY_FRAMES or TEMPORAL_MAX_TRACK_DISTANCE.
WARNING  ecoface_lite.ai_engine.pipeline:pipeline.py:323 REGRESSION WARNING: Confirmation Pending Saturation (225 tracks). Probable Root Cause: Adaptive confirmation criteria not being met. Suggested Action: Lower TRACKING_FAST_CONFIRM_MIN_CONSISTENCY or check image quality.
WARNING  ecoface_lite.ai_engine.pipeline:pipeline.py:263 REGRESSION WARNING: FPS < 15 (Current: 8.90). Probable Root Cause: System resource exhaustion or high-resolution input. Suggested Action: Reduce input resolution or check CPU/GPU load.
WARNING  ecoface_lite.ai_engine.pipeline:pipeline.py:311 REGRESSION WARNING: Zero track recoveries despite active detections. Probable Root Cause: Ghosting window too small or association logic too strict. Suggested Action: Increase TRACKING_SOFT_RECOVERY_FRAMES or TEMPORAL_MAX_TRACK_DISTANCE.
WARNING  ecoface_lite.ai_engine.pipeline:pipeline.py:323 REGRESSION WARNING: Confirmation Pending Saturation (225 tracks). Probable Root Cause: Adaptive confirmation criteria not being met. Suggested Action: Lower TRACKING_FAST_CONFIRM_MIN_CONSISTENCY or check image quality.
WARNING  ecoface_lite.ai_engine.pipeline:pipeline.py:263 REGRESSION WARNING: FPS < 15 (Current: 13.28). Probable Root Cause: System resource exhaustion or high-resolution input. Suggested Action: Reduce input resolution or check CPU/GPU load.
WARNING  ecoface_lite.ai_engine.pipeline:pipeline.py:311 REGRESSION WARNING: Zero track recoveries despite active detections. Probable Root Cause: Ghosting window too small or association logic too strict. Suggested Action: Increase TRACKING_SOFT_RECOVERY_FRAMES or TEMPORAL_MAX_TRACK_DISTANCE.
WARNING  ecoface_lite.ai_engine.pipeline:pipeline.py:323 REGRESSION WARNING: Confirmation Pending Saturation (225 tracks). Probable Root Cause: Adaptive confirmation criteria not being met. Suggested Action: Lower TRACKING_FAST_CONFIRM_MIN_CONSISTENCY or check image quality.
WARNING  ecoface_lite.ai_engine.pipeline:pipeline.py:263 REGRESSION WARNING: FPS < 15 (Current: 11.66). Probable Root Cause: System resource exhaustion or high-resolution input. Suggested Action: Reduce input resolution or check CPU/GPU load.
WARNING  ecoface_lite.ai_engine.pipeline:pipeline.py:311 REGRESSION WARNING: Zero track recoveries despite active detections. Probable Root Cause: Ghosting window too small or association logic too strict. Suggested Action: Increase TRACKING_SOFT_RECOVERY_FRAMES or TEMPORAL_MAX_TRACK_DISTANCE.
WARNING  ecoface_lite.ai_engine.pipeline:pipeline.py:323 REGRESSION WARNING: Confirmation Pending Saturation (225 tracks). Probable Root Cause: Adaptive confirmation criteria not being met. Suggested Action: Lower TRACKING_FAST_CONFIRM_MIN_CONSISTENCY or check image quality.
WARNING  ecoface_lite.ai_engine.pipeline:pipeline.py:263 REGRESSION WARNING: FPS < 15 (Current: 11.69). Probable Root Cause: System resource exhaustion or high-resolution input. Suggested Action: Reduce input resolution or check CPU/GPU load.
WARNING  ecoface_lite.ai_engine.pipeline:pipeline.py:311 REGRESSION WARNING: Zero track recoveries despite active detections. Probable Root Cause: Ghosting window too small or association logic too strict. Suggested Action: Increase TRACKING_SOFT_RECOVERY_FRAMES or TEMPORAL_MAX_TRACK_DISTANCE.
WARNING  ecoface_lite.ai_engine.pipeline:pipeline.py:323 REGRESSION WARNING: Confirmation Pending Saturation (225 tracks). Probable Root Cause: Adaptive confirmation criteria not being met. Suggested Action: Lower TRACKING_FAST_CONFIRM_MIN_CONSISTENCY or check image quality.
WARNING  ecoface_lite.ai_engine.pipeline:pipeline.py:263 REGRESSION WARNING: FPS < 15 (Current: 11.95). Probable Root Cause: System resource exhaustion or high-resolution input. Suggested Action: Reduce input resolution or check CPU/GPU load.
WARNING  ecoface_lite.ai_engine.pipeline:pipeline.py:311 REGRESSION WARNING: Zero track recoveries despite active detections. Probable Root Cause: Ghosting window too small or association logic too strict. Suggested Action: Increase TRACKING_SOFT_RECOVERY_FRAMES or TEMPORAL_MAX_TRACK_DISTANCE.
WARNING  ecoface_lite.ai_engine.pipeline:pipeline.py:323 REGRESSION WARNING: Confirmation Pending Saturation (225 tracks). Probable Root Cause: Adaptive confirmation criteria not being met. Suggested Action: Lower TRACKING_FAST_CONFIRM_MIN_CONSISTENCY or check image quality.
WARNING  ecoface_lite.ai_engine.pipeline:pipeline.py:263 REGRESSION WARNING: FPS < 15 (Current: 12.12). Probable Root Cause: System resource exhaustion or high-resolution input. Suggested Action: Reduce input resolution or check CPU/GPU load.
WARNING  ecoface_lite.ai_engine.pipeline:pipeline.py:311 REGRESSION WARNING: Zero track recoveries despite active detections. Probable Root Cause: Ghosting window too small or association logic too strict. Suggested Action: Increase TRACKING_SOFT_RECOVERY_FRAMES or TEMPORAL_MAX_TRACK_DISTANCE.
WARNING  ecoface_lite.ai_engine.pipeline:pipeline.py:323 REGRESSION WARNING: Confirmation Pending Saturation (225 tracks). Probable Root Cause: Adaptive confirmation criteria not being met. Suggested Action: Lower TRACKING_FAST_CONFIRM_MIN_CONSISTENCY or check image quality.
WARNING  ecoface_lite.ai_engine.pipeline:pipeline.py:263 REGRESSION WARNING: FPS < 15 (Current: 9.75). Probable Root Cause: System resource exhaustion or high-resolution input. Suggested Action: Reduce input resolution or check CPU/GPU load.
WARNING  ecoface_lite.ai_engine.pipeline:pipeline.py:311 REGRESSION WARNING: Zero track recoveries despite active detections. Probable Root Cause: Ghosting window too small or association logic too strict. Suggested Action: Increase TRACKING_SOFT_RECOVERY_FRAMES or TEMPORAL_MAX_TRACK_DISTANCE.
WARNING  ecoface_lite.ai_engine.pipeline:pipeline.py:323 REGRESSION WARNING: Confirmation Pending Saturation (225 tracks). Probable Root Cause: Adaptive confirmation criteria not being met. Suggested Action: Lower TRACKING_FAST_CONFIRM_MIN_CONSISTENCY or check image quality.
WARNING  ecoface_lite.ai_engine.pipeline:pipeline.py:263 REGRESSION WARNING: FPS < 15 (Current: 12.75). Probable Root Cause: System resource exhaustion or high-resolution input. Suggested Action: Reduce input resolution or check CPU/GPU load.
WARNING  ecoface_lite.ai_engine.pipeline:pipeline.py:311 REGRESSION WARNING: Zero track recoveries despite active detections. Probable Root Cause: Ghosting window too small or association logic too strict. Suggested Action: Increase TRACKING_SOFT_RECOVERY_FRAMES or TEMPORAL_MAX_TRACK_DISTANCE.
WARNING  ecoface_lite.ai_engine.pipeline:pipeline.py:323 REGRESSION WARNING: Confirmation Pending Saturation (225 tracks). Probable Root Cause: Adaptive confirmation criteria not being met. Suggested Action: Lower TRACKING_FAST_CONFIRM_MIN_CONSISTENCY or check image quality.
WARNING  ecoface_lite.ai_engine.pipeline:pipeline.py:263 REGRESSION WARNING: FPS < 15 (Current: 11.38). Probable Root Cause: System resource exhaustion or high-resolution input. Suggested Action: Reduce input resolution or check CPU/GPU load.
WARNING  ecoface_lite.ai_engine.pipeline:pipeline.py:311 REGRESSION WARNING: Zero track recoveries despite active detections. Probable Root Cause: Ghosting window too small or association logic too strict. Suggested Action: Increase TRACKING_SOFT_RECOVERY_FRAMES or TEMPORAL_MAX_TRACK_DISTANCE.
WARNING  ecoface_lite.ai_engine.pipeline:pipeline.py:323 REGRESSION WARNING: Confirmation Pending Saturation (225 tracks). Probable Root Cause: Adaptive confirmation criteria not being met. Suggested Action: Lower TRACKING_FAST_CONFIRM_MIN_CONSISTENCY or check image quality.
WARNING  ecoface_lite.ai_engine.pipeline:pipeline.py:807 Detector overload frame_index=96 count=50. Activating load-shedding: interval=5
WARNING  ecoface_lite.ai_engine.pipeline:pipeline.py:263 REGRESSION WARNING: FPS < 15 (Current: 5.20). Probable Root Cause: System resource exhaustion or high-resolution input. Suggested Action: Reduce input resolution or check CPU/GPU load.
WARNING  ecoface_lite.ai_engine.pipeline:pipeline.py:311 REGRESSION WARNING: Zero track recoveries despite active detections. Probable Root Cause: Ghosting window too small or association logic too strict. Suggested Action: Increase TRACKING_SOFT_RECOVERY_FRAMES or TEMPORAL_MAX_TRACK_DISTANCE.
WARNING  ecoface_lite.ai_engine.pipeline:pipeline.py:323 REGRESSION WARNING: Confirmation Pending Saturation (225 tracks). Probable Root Cause: Adaptive confirmation criteria not being met. Suggested Action: Lower TRACKING_FAST_CONFIRM_MIN_CONSISTENCY or check image quality.
WARNING  ecoface_lite.ai_engine.pipeline:pipeline.py:263 REGRESSION WARNING: FPS < 15 (Current: 11.07). Probable Root Cause: System resource exhaustion or high-resolution input. Suggested Action: Reduce input resolution or check CPU/GPU load.
WARNING  ecoface_lite.ai_engine.pipeline:pipeline.py:311 REGRESSION WARNING: Zero track recoveries despite active detections. Probable Root Cause: Ghosting window too small or association logic too strict. Suggested Action: Increase TRACKING_SOFT_RECOVERY_FRAMES or TEMPORAL_MAX_TRACK_DISTANCE.
WARNING  ecoface_lite.ai_engine.pipeline:pipeline.py:323 REGRESSION WARNING: Confirmation Pending Saturation (225 tracks). Probable Root Cause: Adaptive confirmation criteria not being met. Suggested Action: Lower TRACKING_FAST_CONFIRM_MIN_CONSISTENCY or check image quality.
WARNING  ecoface_lite.ai_engine.pipeline:pipeline.py:263 REGRESSION WARNING: FPS < 15 (Current: 9.98). Probable Root Cause: System resource exhaustion or high-resolution input. Suggested Action: Reduce input resolution or check CPU/GPU load.
WARNING  ecoface_lite.ai_engine.pipeline:pipeline.py:311 REGRESSION WARNING: Zero track recoveries despite active detections. Probable Root Cause: Ghosting window too small or association logic too strict. Suggested Action: Increase TRACKING_SOFT_RECOVERY_FRAMES or TEMPORAL_MAX_TRACK_DISTANCE.
WARNING  ecoface_lite.ai_engine.pipeline:pipeline.py:323 REGRESSION WARNING: Confirmation Pending Saturation (225 tracks). Probable Root Cause: Adaptive confirmation criteria not being met. Suggested Action: Lower TRACKING_FAST_CONFIRM_MIN_CONSISTENCY or check image quality.
WARNING  ecoface_lite.ai_engine.pipeline:pipeline.py:263 REGRESSION WARNING: FPS < 15 (Current: 10.59). Probable Root Cause: System resource exhaustion or high-resolution input. Suggested Action: Reduce input resolution or check CPU/GPU load.
WARNING  ecoface_lite.ai_engine.pipeline:pipeline.py:311 REGRESSION WARNING: Zero track recoveries despite active detections. Probable Root Cause: Ghosting window too small or association logic too strict. Suggested Action: Increase TRACKING_SOFT_RECOVERY_FRAMES or TEMPORAL_MAX_TRACK_DISTANCE.
WARNING  ecoface_lite.ai_engine.pipeline:pipeline.py:323 REGRESSION WARNING: Confirmation Pending Saturation (225 tracks). Probable Root Cause: Adaptive confirmation criteria not being met. Suggested Action: Lower TRACKING_FAST_CONFIRM_MIN_CONSISTENCY or check image quality.
WARNING  ecoface_lite.ai_engine.pipeline:pipeline.py:263 REGRESSION WARNING: FPS < 15 (Current: 11.12). Probable Root Cause: System resource exhaustion or high-resolution input. Suggested Action: Reduce input resolution or check CPU/GPU load.
WARNING  ecoface_lite.ai_engine.pipeline:pipeline.py:311 REGRESSION WARNING: Zero track recoveries despite active detections. Probable Root Cause: Ghosting window too small or association logic too strict. Suggested Action: Increase TRACKING_SOFT_RECOVERY_FRAMES or TEMPORAL_MAX_TRACK_DISTANCE.
WARNING  ecoface_lite.ai_engine.pipeline:pipeline.py:323 REGRESSION WARNING: Confirmation Pending Saturation (225 tracks). Probable Root Cause: Adaptive confirmation criteria not being met. Suggested Action: Lower TRACKING_FAST_CONFIRM_MIN_CONSISTENCY or check image quality.
WARNING  ecoface_lite.ai_engine.pipeline:pipeline.py:263 REGRESSION WARNING: FPS < 15 (Current: 11.55). Probable Root Cause: System resource exhaustion or high-resolution input. Suggested Action: Reduce input resolution or check CPU/GPU load.
WARNING  ecoface_lite.ai_engine.pipeline:pipeline.py:311 REGRESSION WARNING: Zero track recoveries despite active detections. Probable Root Cause: Ghosting window too small or association logic too strict. Suggested Action: Increase TRACKING_SOFT_RECOVERY_FRAMES or TEMPORAL_MAX_TRACK_DISTANCE.
WARNING  ecoface_lite.ai_engine.pipeline:pipeline.py:323 REGRESSION WARNING: Confirmation Pending Saturation (225 tracks). Probable Root Cause: Adaptive confirmation criteria not being met. Suggested Action: Lower TRACKING_FAST_CONFIRM_MIN_CONSISTENCY or check image quality.
WARNING  ecoface_lite.ai_engine.pipeline:pipeline.py:263 REGRESSION WARNING: FPS < 15 (Current: 11.98). Probable Root Cause: System resource exhaustion or high-resolution input. Suggested Action: Reduce input resolution or check CPU/GPU load.
WARNING  ecoface_lite.ai_engine.pipeline:pipeline.py:311 REGRESSION WARNING: Zero track recoveries despite active detections. Probable Root Cause: Ghosting window too small or association logic too strict. Suggested Action: Increase TRACKING_SOFT_RECOVERY_FRAMES or TEMPORAL_MAX_TRACK_DISTANCE.
WARNING  ecoface_lite.ai_engine.pipeline:pipeline.py:323 REGRESSION WARNING: Confirmation Pending Saturation (225 tracks). Probable Root Cause: Adaptive confirmation criteria not being met. Suggested Action: Lower TRACKING_FAST_CONFIRM_MIN_CONSISTENCY or check image quality.
WARNING  ecoface_lite.ai_engine.pipeline:pipeline.py:263 REGRESSION WARNING: FPS < 15 (Current: 12.44). Probable Root Cause: System resource exhaustion or high-resolution input. Suggested Action: Reduce input resolution or check CPU/GPU load.
WARNING  ecoface_lite.ai_engine.pipeline:pipeline.py:311 REGRESSION WARNING: Zero track recoveries despite active detections. Probable Root Cause: Ghosting window too small or association logic too strict. Suggested Action: Increase TRACKING_SOFT_RECOVERY_FRAMES or TEMPORAL_MAX_TRACK_DISTANCE.
WARNING  ecoface_lite.ai_engine.pipeline:pipeline.py:323 REGRESSION WARNING: Confirmation Pending Saturation (225 tracks). Probable Root Cause: Adaptive confirmation criteria not being met. Suggested Action: Lower TRACKING_FAST_CONFIRM_MIN_CONSISTENCY or check image quality.
WARNING  ecoface_lite.ai_engine.pipeline:pipeline.py:263 REGRESSION WARNING: FPS < 15 (Current: 10.58). Probable Root Cause: System resource exhaustion or high-resolution input. Suggested Action: Reduce input resolution or check CPU/GPU load.
WARNING  ecoface_lite.ai_engine.pipeline:pipeline.py:311 REGRESSION WARNING: Zero track recoveries despite active detections. Probable Root Cause: Ghosting window too small or association logic too strict. Suggested Action: Increase TRACKING_SOFT_RECOVERY_FRAMES or TEMPORAL_MAX_TRACK_DISTANCE.
WARNING  ecoface_lite.ai_engine.pipeline:pipeline.py:323 REGRESSION WARNING: Confirmation Pending Saturation (225 tracks). Probable Root Cause: Adaptive confirmation criteria not being met. Suggested Action: Lower TRACKING_FAST_CONFIRM_MIN_CONSISTENCY or check image quality.
WARNING  ecoface_lite.ai_engine.pipeline:pipeline.py:263 REGRESSION WARNING: FPS < 15 (Current: 8.99). Probable Root Cause: System resource exhaustion or high-resolution input. Suggested Action: Reduce input resolution or check CPU/GPU load.
WARNING  ecoface_lite.ai_engine.pipeline:pipeline.py:311 REGRESSION WARNING: Zero track recoveries despite active detections. Probable Root Cause: Ghosting window too small or association logic too strict. Suggested Action: Increase TRACKING_SOFT_RECOVERY_FRAMES or TEMPORAL_MAX_TRACK_DISTANCE.
WARNING  ecoface_lite.ai_engine.pipeline:pipeline.py:323 REGRESSION WARNING: Confirmation Pending Saturation (225 tracks). Probable Root Cause: Adaptive confirmation criteria not being met. Suggested Action: Lower TRACKING_FAST_CONFIRM_MIN_CONSISTENCY or check image quality.
WARNING  ecoface_lite.ai_engine.pipeline:pipeline.py:263 REGRESSION WARNING: FPS < 15 (Current: 11.53). Probable Root Cause: System resource exhaustion or high-resolution input. Suggested Action: Reduce input resolution or check CPU/GPU load.
WARNING  ecoface_lite.ai_engine.pipeline:pipeline.py:311 REGRESSION WARNING: Zero track recoveries despite active detections. Probable Root Cause: Ghosting window too small or association logic too strict. Suggested Action: Increase TRACKING_SOFT_RECOVERY_FRAMES or TEMPORAL_MAX_TRACK_DISTANCE.
WARNING  ecoface_lite.ai_engine.pipeline:pipeline.py:323 REGRESSION WARNING: Confirmation Pending Saturation (225 tracks). Probable Root Cause: Adaptive confirmation criteria not being met. Suggested Action: Lower TRACKING_FAST_CONFIRM_MIN_CONSISTENCY or check image quality.
WARNING  ecoface_lite.ai_engine.pipeline:pipeline.py:263 REGRESSION WARNING: FPS < 15 (Current: 12.98). Probable Root Cause: System resource exhaustion or high-resolution input. Suggested Action: Reduce input resolution or check CPU/GPU load.
WARNING  ecoface_lite.ai_engine.pipeline:pipeline.py:311 REGRESSION WARNING: Zero track recoveries despite active detections. Probable Root Cause: Ghosting window too small or association logic too strict. Suggested Action: Increase TRACKING_SOFT_RECOVERY_FRAMES or TEMPORAL_MAX_TRACK_DISTANCE.
WARNING  ecoface_lite.ai_engine.pipeline:pipeline.py:323 REGRESSION WARNING: Confirmation Pending Saturation (225 tracks). Probable Root Cause: Adaptive confirmation criteria not being met. Suggested Action: Lower TRACKING_FAST_CONFIRM_MIN_CONSISTENCY or check image quality.
WARNING  ecoface_lite.ai_engine.pipeline:pipeline.py:807 Detector overload frame_index=108 count=50. Activating load-shedding: interval=5
WARNING  ecoface_lite.ai_engine.pipeline:pipeline.py:263 REGRESSION WARNING: FPS < 15 (Current: 4.80). Probable Root Cause: System resource exhaustion or high-resolution input. Suggested Action: Reduce input resolution or check CPU/GPU load.
WARNING  ecoface_lite.ai_engine.pipeline:pipeline.py:311 REGRESSION WARNING: Zero track recoveries despite active detections. Probable Root Cause: Ghosting window too small or association logic too strict. Suggested Action: Increase TRACKING_SOFT_RECOVERY_FRAMES or TEMPORAL_MAX_TRACK_DISTANCE.
WARNING  ecoface_lite.ai_engine.pipeline:pipeline.py:323 REGRESSION WARNING: Confirmation Pending Saturation (225 tracks). Probable Root Cause: Adaptive confirmation criteria not being met. Suggested Action: Lower TRACKING_FAST_CONFIRM_MIN_CONSISTENCY or check image quality.
WARNING  ecoface_lite.ai_engine.pipeline:pipeline.py:263 REGRESSION WARNING: FPS < 15 (Current: 12.87). Probable Root Cause: System resource exhaustion or high-resolution input. Suggested Action: Reduce input resolution or check CPU/GPU load.
WARNING  ecoface_lite.ai_engine.pipeline:pipeline.py:311 REGRESSION WARNING: Zero track recoveries despite active detections. Probable Root Cause: Ghosting window too small or association logic too strict. Suggested Action: Increase TRACKING_SOFT_RECOVERY_FRAMES or TEMPORAL_MAX_TRACK_DISTANCE.
WARNING  ecoface_lite.ai_engine.pipeline:pipeline.py:323 REGRESSION WARNING: Confirmation Pending Saturation (225 tracks). Probable Root Cause: Adaptive confirmation criteria not being met. Suggested Action: Lower TRACKING_FAST_CONFIRM_MIN_CONSISTENCY or check image quality.
WARNING  ecoface_lite.ai_engine.pipeline:pipeline.py:263 REGRESSION WARNING: FPS < 15 (Current: 13.11). Probable Root Cause: System resource exhaustion or high-resolution input. Suggested Action: Reduce input resolution or check CPU/GPU load.
WARNING  ecoface_lite.ai_engine.pipeline:pipeline.py:311 REGRESSION WARNING: Zero track recoveries despite active detections. Probable Root Cause: Ghosting window too small or association logic too strict. Suggested Action: Increase TRACKING_SOFT_RECOVERY_FRAMES or TEMPORAL_MAX_TRACK_DISTANCE.
WARNING  ecoface_lite.ai_engine.pipeline:pipeline.py:323 REGRESSION WARNING: Confirmation Pending Saturation (225 tracks). Probable Root Cause: Adaptive confirmation criteria not being met. Suggested Action: Lower TRACKING_FAST_CONFIRM_MIN_CONSISTENCY or check image quality.
WARNING  ecoface_lite.ai_engine.pipeline:pipeline.py:263 REGRESSION WARNING: FPS < 15 (Current: 12.34). Probable Root Cause: System resource exhaustion or high-resolution input. Suggested Action: Reduce input resolution or check CPU/GPU load.
WARNING  ecoface_lite.ai_engine.pipeline:pipeline.py:311 REGRESSION WARNING: Zero track recoveries despite active detections. Probable Root Cause: Ghosting window too small or association logic too strict. Suggested Action: Increase TRACKING_SOFT_RECOVERY_FRAMES or TEMPORAL_MAX_TRACK_DISTANCE.
WARNING  ecoface_lite.ai_engine.pipeline:pipeline.py:323 REGRESSION WARNING: Confirmation Pending Saturation (225 tracks). Probable Root Cause: Adaptive confirmation criteria not being met. Suggested Action: Lower TRACKING_FAST_CONFIRM_MIN_CONSISTENCY or check image quality.
WARNING  ecoface_lite.ai_engine.pipeline:pipeline.py:263 REGRESSION WARNING: FPS < 15 (Current: 11.96). Probable Root Cause: System resource exhaustion or high-resolution input. Suggested Action: Reduce input resolution or check CPU/GPU load.
WARNING  ecoface_lite.ai_engine.pipeline:pipeline.py:311 REGRESSION WARNING: Zero track recoveries despite active detections. Probable Root Cause: Ghosting window too small or association logic too strict. Suggested Action: Increase TRACKING_SOFT_RECOVERY_FRAMES or TEMPORAL_MAX_TRACK_DISTANCE.
WARNING  ecoface_lite.ai_engine.pipeline:pipeline.py:323 REGRESSION WARNING: Confirmation Pending Saturation (225 tracks). Probable Root Cause: Adaptive confirmation criteria not being met. Suggested Action: Lower TRACKING_FAST_CONFIRM_MIN_CONSISTENCY or check image quality.
WARNING  ecoface_lite.ai_engine.pipeline:pipeline.py:263 REGRESSION WARNING: FPS < 15 (Current: 13.10). Probable Root Cause: System resource exhaustion or high-resolution input. Suggested Action: Reduce input resolution or check CPU/GPU load.
WARNING  ecoface_lite.ai_engine.pipeline:pipeline.py:311 REGRESSION WARNING: Zero track recoveries despite active detections. Probable Root Cause: Ghosting window too small or association logic too strict. Suggested Action: Increase TRACKING_SOFT_RECOVERY_FRAMES or TEMPORAL_MAX_TRACK_DISTANCE.
WARNING  ecoface_lite.ai_engine.pipeline:pipeline.py:323 REGRESSION WARNING: Confirmation Pending Saturation (225 tracks). Probable Root Cause: Adaptive confirmation criteria not being met. Suggested Action: Lower TRACKING_FAST_CONFIRM_MIN_CONSISTENCY or check image quality.
WARNING  ecoface_lite.ai_engine.pipeline:pipeline.py:263 REGRESSION WARNING: FPS < 15 (Current: 11.28). Probable Root Cause: System resource exhaustion or high-resolution input. Suggested Action: Reduce input resolution or check CPU/GPU load.
WARNING  ecoface_lite.ai_engine.pipeline:pipeline.py:311 REGRESSION WARNING: Zero track recoveries despite active detections. Probable Root Cause: Ghosting window too small or association logic too strict. Suggested Action: Increase TRACKING_SOFT_RECOVERY_FRAMES or TEMPORAL_MAX_TRACK_DISTANCE.
WARNING  ecoface_lite.ai_engine.pipeline:pipeline.py:323 REGRESSION WARNING: Confirmation Pending Saturation (225 tracks). Probable Root Cause: Adaptive confirmation criteria not being met. Suggested Action: Lower TRACKING_FAST_CONFIRM_MIN_CONSISTENCY or check image quality.
WARNING  ecoface_lite.ai_engine.pipeline:pipeline.py:263 REGRESSION WARNING: FPS < 15 (Current: 12.41). Probable Root Cause: System resource exhaustion or high-resolution input. Suggested Action: Reduce input resolution or check CPU/GPU load.
WARNING  ecoface_lite.ai_engine.pipeline:pipeline.py:311 REGRESSION WARNING: Zero track recoveries despite active detections. Probable Root Cause: Ghosting window too small or association logic too strict. Suggested Action: Increase TRACKING_SOFT_RECOVERY_FRAMES or TEMPORAL_MAX_TRACK_DISTANCE.
WARNING  ecoface_lite.ai_engine.pipeline:pipeline.py:323 REGRESSION WARNING: Confirmation Pending Saturation (225 tracks). Probable Root Cause: Adaptive confirmation criteria not being met. Suggested Action: Lower TRACKING_FAST_CONFIRM_MIN_CONSISTENCY or check image quality.
WARNING  ecoface_lite.ai_engine.pipeline:pipeline.py:263 REGRESSION WARNING: FPS < 15 (Current: 10.82). Probable Root Cause: System resource exhaustion or high-resolution input. Suggested Action: Reduce input resolution or check CPU/GPU load.
WARNING  ecoface_lite.ai_engine.pipeline:pipeline.py:311 REGRESSION WARNING: Zero track recoveries despite active detections. Probable Root Cause: Ghosting window too small or association logic too strict. Suggested Action: Increase TRACKING_SOFT_RECOVERY_FRAMES or TEMPORAL_MAX_TRACK_DISTANCE.
WARNING  ecoface_lite.ai_engine.pipeline:pipeline.py:323 REGRESSION WARNING: Confirmation Pending Saturation (225 tracks). Probable Root Cause: Adaptive confirmation criteria not being met. Suggested Action: Lower TRACKING_FAST_CONFIRM_MIN_CONSISTENCY or check image quality.
WARNING  ecoface_lite.ai_engine.pipeline:pipeline.py:263 REGRESSION WARNING: FPS < 15 (Current: 11.72). Probable Root Cause: System resource exhaustion or high-resolution input. Suggested Action: Reduce input resolution or check CPU/GPU load.
WARNING  ecoface_lite.ai_engine.pipeline:pipeline.py:311 REGRESSION WARNING: Zero track recoveries despite active detections. Probable Root Cause: Ghosting window too small or association logic too strict. Suggested Action: Increase TRACKING_SOFT_RECOVERY_FRAMES or TEMPORAL_MAX_TRACK_DISTANCE.
WARNING  ecoface_lite.ai_engine.pipeline:pipeline.py:323 REGRESSION WARNING: Confirmation Pending Saturation (225 tracks). Probable Root Cause: Adaptive confirmation criteria not being met. Suggested Action: Lower TRACKING_FAST_CONFIRM_MIN_CONSISTENCY or check image quality.
WARNING  ecoface_lite.ai_engine.pipeline:pipeline.py:263 REGRESSION WARNING: FPS < 15 (Current: 11.71). Probable Root Cause: System resource exhaustion or high-resolution input. Suggested Action: Reduce input resolution or check CPU/GPU load.
WARNING  ecoface_lite.ai_engine.pipeline:pipeline.py:311 REGRESSION WARNING: Zero track recoveries despite active detections. Probable Root Cause: Ghosting window too small or association logic too strict. Suggested Action: Increase TRACKING_SOFT_RECOVERY_FRAMES or TEMPORAL_MAX_TRACK_DISTANCE.
WARNING  ecoface_lite.ai_engine.pipeline:pipeline.py:323 REGRESSION WARNING: Confirmation Pending Saturation (225 tracks). Probable Root Cause: Adaptive confirmation criteria not being met. Suggested Action: Lower TRACKING_FAST_CONFIRM_MIN_CONSISTENCY or check image quality.
WARNING  ecoface_lite.ai_engine.pipeline:pipeline.py:263 REGRESSION WARNING: FPS < 15 (Current: 11.78). Probable Root Cause: System resource exhaustion or high-resolution input. Suggested Action: Reduce input resolution or check CPU/GPU load.
WARNING  ecoface_lite.ai_engine.pipeline:pipeline.py:311 REGRESSION WARNING: Zero track recoveries despite active detections. Probable Root Cause: Ghosting window too small or association logic too strict. Suggested Action: Increase TRACKING_SOFT_RECOVERY_FRAMES or TEMPORAL_MAX_TRACK_DISTANCE.
WARNING  ecoface_lite.ai_engine.pipeline:pipeline.py:323 REGRESSION WARNING: Confirmation Pending Saturation (225 tracks). Probable Root Cause: Adaptive confirmation criteria not being met. Suggested Action: Lower TRACKING_FAST_CONFIRM_MIN_CONSISTENCY or check image quality.
WARNING  ecoface_lite.ai_engine.pipeline:pipeline.py:807 Detector overload frame_index=120 count=50. Activating load-shedding: interval=5
WARNING  ecoface_lite.ai_engine.pipeline:pipeline.py:263 REGRESSION WARNING: FPS < 15 (Current: 5.10). Probable Root Cause: System resource exhaustion or high-resolution input. Suggested Action: Reduce input resolution or check CPU/GPU load.
WARNING  ecoface_lite.ai_engine.pipeline:pipeline.py:311 REGRESSION WARNING: Zero track recoveries despite active detections. Probable Root Cause: Ghosting window too small or association logic too strict. Suggested Action: Increase TRACKING_SOFT_RECOVERY_FRAMES or TEMPORAL_MAX_TRACK_DISTANCE.
WARNING  ecoface_lite.ai_engine.pipeline:pipeline.py:323 REGRESSION WARNING: Confirmation Pending Saturation (225 tracks). Probable Root Cause: Adaptive confirmation criteria not being met. Suggested Action: Lower TRACKING_FAST_CONFIRM_MIN_CONSISTENCY or check image quality.
WARNING  ecoface_lite.ai_engine.pipeline:pipeline.py:263 REGRESSION WARNING: FPS < 15 (Current: 10.93). Probable Root Cause: System resource exhaustion or high-resolution input. Suggested Action: Reduce input resolution or check CPU/GPU load.
WARNING  ecoface_lite.ai_engine.pipeline:pipeline.py:311 REGRESSION WARNING: Zero track recoveries despite active detections. Probable Root Cause: Ghosting window too small or association logic too strict. Suggested Action: Increase TRACKING_SOFT_RECOVERY_FRAMES or TEMPORAL_MAX_TRACK_DISTANCE.
WARNING  ecoface_lite.ai_engine.pipeline:pipeline.py:323 REGRESSION WARNING: Confirmation Pending Saturation (225 tracks). Probable Root Cause: Adaptive confirmation criteria not being met. Suggested Action: Lower TRACKING_FAST_CONFIRM_MIN_CONSISTENCY or check image quality.
WARNING  ecoface_lite.ai_engine.pipeline:pipeline.py:263 REGRESSION WARNING: FPS < 15 (Current: 9.34). Probable Root Cause: System resource exhaustion or high-resolution input. Suggested Action: Reduce input resolution or check CPU/GPU load.
WARNING  ecoface_lite.ai_engine.pipeline:pipeline.py:311 REGRESSION WARNING: Zero track recoveries despite active detections. Probable Root Cause: Ghosting window too small or association logic too strict. Suggested Action: Increase TRACKING_SOFT_RECOVERY_FRAMES or TEMPORAL_MAX_TRACK_DISTANCE.
WARNING  ecoface_lite.ai_engine.pipeline:pipeline.py:323 REGRESSION WARNING: Confirmation Pending Saturation (225 tracks). Probable Root Cause: Adaptive confirmation criteria not being met. Suggested Action: Lower TRACKING_FAST_CONFIRM_MIN_CONSISTENCY or check image quality.
WARNING  ecoface_lite.ai_engine.pipeline:pipeline.py:263 REGRESSION WARNING: FPS < 15 (Current: 9.90). Probable Root Cause: System resource exhaustion or high-resolution input. Suggested Action: Reduce input resolution or check CPU/GPU load.
WARNING  ecoface_lite.ai_engine.pipeline:pipeline.py:311 REGRESSION WARNING: Zero track recoveries despite active detections. Probable Root Cause: Ghosting window too small or association logic too strict. Suggested Action: Increase TRACKING_SOFT_RECOVERY_FRAMES or TEMPORAL_MAX_TRACK_DISTANCE.
WARNING  ecoface_lite.ai_engine.pipeline:pipeline.py:323 REGRESSION WARNING: Confirmation Pending Saturation (225 tracks). Probable Root Cause: Adaptive confirmation criteria not being met. Suggested Action: Lower TRACKING_FAST_CONFIRM_MIN_CONSISTENCY or check image quality.
WARNING  ecoface_lite.ai_engine.pipeline:pipeline.py:263 REGRESSION WARNING: FPS < 15 (Current: 11.69). Probable Root Cause: System resource exhaustion or high-resolution input. Suggested Action: Reduce input resolution or check CPU/GPU load.
WARNING  ecoface_lite.ai_engine.pipeline:pipeline.py:311 REGRESSION WARNING: Zero track recoveries despite active detections. Probable Root Cause: Ghosting window too small or association logic too strict. Suggested Action: Increase TRACKING_SOFT_RECOVERY_FRAMES or TEMPORAL_MAX_TRACK_DISTANCE.
WARNING  ecoface_lite.ai_engine.pipeline:pipeline.py:323 REGRESSION WARNING: Confirmation Pending Saturation (225 tracks). Probable Root Cause: Adaptive confirmation criteria not being met. Suggested Action: Lower TRACKING_FAST_CONFIRM_MIN_CONSISTENCY or check image quality.
WARNING  ecoface_lite.ai_engine.pipeline:pipeline.py:263 REGRESSION WARNING: FPS < 15 (Current: 11.32). Probable Root Cause: System resource exhaustion or high-resolution input. Suggested Action: Reduce input resolution or check CPU/GPU load.
WARNING  ecoface_lite.ai_engine.pipeline:pipeline.py:311 REGRESSION WARNING: Zero track recoveries despite active detections. Probable Root Cause: Ghosting window too small or association logic too strict. Suggested Action: Increase TRACKING_SOFT_RECOVERY_FRAMES or TEMPORAL_MAX_TRACK_DISTANCE.
WARNING  ecoface_lite.ai_engine.pipeline:pipeline.py:323 REGRESSION WARNING: Confirmation Pending Saturation (225 tracks). Probable Root Cause: Adaptive confirmation criteria not being met. Suggested Action: Lower TRACKING_FAST_CONFIRM_MIN_CONSISTENCY or check image quality.
WARNING  ecoface_lite.ai_engine.pipeline:pipeline.py:263 REGRESSION WARNING: FPS < 15 (Current: 12.33). Probable Root Cause: System resource exhaustion or high-resolution input. Suggested Action: Reduce input resolution or check CPU/GPU load.
WARNING  ecoface_lite.ai_engine.pipeline:pipeline.py:311 REGRESSION WARNING: Zero track recoveries despite active detections. Probable Root Cause: Ghosting window too small or association logic too strict. Suggested Action: Increase TRACKING_SOFT_RECOVERY_FRAMES or TEMPORAL_MAX_TRACK_DISTANCE.
WARNING  ecoface_lite.ai_engine.pipeline:pipeline.py:323 REGRESSION WARNING: Confirmation Pending Saturation (225 tracks). Probable Root Cause: Adaptive confirmation criteria not being met. Suggested Action: Lower TRACKING_FAST_CONFIRM_MIN_CONSISTENCY or check image quality.
WARNING  ecoface_lite.ai_engine.pipeline:pipeline.py:263 REGRESSION WARNING: FPS < 15 (Current: 12.34). Probable Root Cause: System resource exhaustion or high-resolution input. Suggested Action: Reduce input resolution or check CPU/GPU load.
WARNING  ecoface_lite.ai_engine.pipeline:pipeline.py:311 REGRESSION WARNING: Zero track recoveries despite active detections. Probable Root Cause: Ghosting window too small or association logic too strict. Suggested Action: Increase TRACKING_SOFT_RECOVERY_FRAMES or TEMPORAL_MAX_TRACK_DISTANCE.
WARNING  ecoface_lite.ai_engine.pipeline:pipeline.py:323 REGRESSION WARNING: Confirmation Pending Saturation (225 tracks). Probable Root Cause: Adaptive confirmation criteria not being met. Suggested Action: Lower TRACKING_FAST_CONFIRM_MIN_CONSISTENCY or check image quality.
WARNING  ecoface_lite.ai_engine.pipeline:pipeline.py:263 REGRESSION WARNING: FPS < 15 (Current: 11.74). Probable Root Cause: System resource exhaustion or high-resolution input. Suggested Action: Reduce input resolution or check CPU/GPU load.
WARNING  ecoface_lite.ai_engine.pipeline:pipeline.py:311 REGRESSION WARNING: Zero track recoveries despite active detections. Probable Root Cause: Ghosting window too small or association logic too strict. Suggested Action: Increase TRACKING_SOFT_RECOVERY_FRAMES or TEMPORAL_MAX_TRACK_DISTANCE.
WARNING  ecoface_lite.ai_engine.pipeline:pipeline.py:323 REGRESSION WARNING: Confirmation Pending Saturation (225 tracks). Probable Root Cause: Adaptive confirmation criteria not being met. Suggested Action: Lower TRACKING_FAST_CONFIRM_MIN_CONSISTENCY or check image quality.
WARNING  ecoface_lite.ai_engine.pipeline:pipeline.py:263 REGRESSION WARNING: FPS < 15 (Current: 12.89). Probable Root Cause: System resource exhaustion or high-resolution input. Suggested Action: Reduce input resolution or check CPU/GPU load.
WARNING  ecoface_lite.ai_engine.pipeline:pipeline.py:311 REGRESSION WARNING: Zero track recoveries despite active detections. Probable Root Cause: Ghosting window too small or association logic too strict. Suggested Action: Increase TRACKING_SOFT_RECOVERY_FRAMES or TEMPORAL_MAX_TRACK_DISTANCE.
WARNING  ecoface_lite.ai_engine.pipeline:pipeline.py:323 REGRESSION WARNING: Confirmation Pending Saturation (225 tracks). Probable Root Cause: Adaptive confirmation criteria not being met. Suggested Action: Lower TRACKING_FAST_CONFIRM_MIN_CONSISTENCY or check image quality.
WARNING  ecoface_lite.ai_engine.pipeline:pipeline.py:263 REGRESSION WARNING: FPS < 15 (Current: 12.75). Probable Root Cause: System resource exhaustion or high-resolution input. Suggested Action: Reduce input resolution or check CPU/GPU load.
WARNING  ecoface_lite.ai_engine.pipeline:pipeline.py:311 REGRESSION WARNING: Zero track recoveries despite active detections. Probable Root Cause: Ghosting window too small or association logic too strict. Suggested Action: Increase TRACKING_SOFT_RECOVERY_FRAMES or TEMPORAL_MAX_TRACK_DISTANCE.
WARNING  ecoface_lite.ai_engine.pipeline:pipeline.py:323 REGRESSION WARNING: Confirmation Pending Saturation (225 tracks). Probable Root Cause: Adaptive confirmation criteria not being met. Suggested Action: Lower TRACKING_FAST_CONFIRM_MIN_CONSISTENCY or check image quality.
WARNING  ecoface_lite.ai_engine.pipeline:pipeline.py:263 REGRESSION WARNING: FPS < 15 (Current: 13.18). Probable Root Cause: System resource exhaustion or high-resolution input. Suggested Action: Reduce input resolution or check CPU/GPU load.
WARNING  ecoface_lite.ai_engine.pipeline:pipeline.py:311 REGRESSION WARNING: Zero track recoveries despite active detections. Probable Root Cause: Ghosting window too small or association logic too strict. Suggested Action: Increase TRACKING_SOFT_RECOVERY_FRAMES or TEMPORAL_MAX_TRACK_DISTANCE.
WARNING  ecoface_lite.ai_engine.pipeline:pipeline.py:323 REGRESSION WARNING: Confirmation Pending Saturation (225 tracks). Probable Root Cause: Adaptive confirmation criteria not being met. Suggested Action: Lower TRACKING_FAST_CONFIRM_MIN_CONSISTENCY or check image quality.
WARNING  ecoface_lite.ai_engine.pipeline:pipeline.py:807 Detector overload frame_index=132 count=50. Activating load-shedding: interval=5
WARNING  ecoface_lite.ai_engine.pipeline:pipeline.py:263 REGRESSION WARNING: FPS < 15 (Current: 5.53). Probable Root Cause: System resource exhaustion or high-resolution input. Suggested Action: Reduce input resolution or check CPU/GPU load.
WARNING  ecoface_lite.ai_engine.pipeline:pipeline.py:311 REGRESSION WARNING: Zero track recoveries despite active detections. Probable Root Cause: Ghosting window too small or association logic too strict. Suggested Action: Increase TRACKING_SOFT_RECOVERY_FRAMES or TEMPORAL_MAX_TRACK_DISTANCE.
WARNING  ecoface_lite.ai_engine.pipeline:pipeline.py:323 REGRESSION WARNING: Confirmation Pending Saturation (225 tracks). Probable Root Cause: Adaptive confirmation criteria not being met. Suggested Action: Lower TRACKING_FAST_CONFIRM_MIN_CONSISTENCY or check image quality.
WARNING  ecoface_lite.ai_engine.pipeline:pipeline.py:263 REGRESSION WARNING: FPS < 15 (Current: 13.03). Probable Root Cause: System resource exhaustion or high-resolution input. Suggested Action: Reduce input resolution or check CPU/GPU load.
WARNING  ecoface_lite.ai_engine.pipeline:pipeline.py:311 REGRESSION WARNING: Zero track recoveries despite active detections. Probable Root Cause: Ghosting window too small or association logic too strict. Suggested Action: Increase TRACKING_SOFT_RECOVERY_FRAMES or TEMPORAL_MAX_TRACK_DISTANCE.
WARNING  ecoface_lite.ai_engine.pipeline:pipeline.py:323 REGRESSION WARNING: Confirmation Pending Saturation (225 tracks). Probable Root Cause: Adaptive confirmation criteria not being met. Suggested Action: Lower TRACKING_FAST_CONFIRM_MIN_CONSISTENCY or check image quality.
WARNING  ecoface_lite.ai_engine.pipeline:pipeline.py:263 REGRESSION WARNING: FPS < 15 (Current: 13.75). Probable Root Cause: System resource exhaustion or high-resolution input. Suggested Action: Reduce input resolution or check CPU/GPU load.
WARNING  ecoface_lite.ai_engine.pipeline:pipeline.py:311 REGRESSION WARNING: Zero track recoveries despite active detections. Probable Root Cause: Ghosting window too small or association logic too strict. Suggested Action: Increase TRACKING_SOFT_RECOVERY_FRAMES or TEMPORAL_MAX_TRACK_DISTANCE.
WARNING  ecoface_lite.ai_engine.pipeline:pipeline.py:323 REGRESSION WARNING: Confirmation Pending Saturation (225 tracks). Probable Root Cause: Adaptive confirmation criteria not being met. Suggested Action: Lower TRACKING_FAST_CONFIRM_MIN_CONSISTENCY or check image quality.
WARNING  ecoface_lite.ai_engine.pipeline:pipeline.py:263 REGRESSION WARNING: FPS < 15 (Current: 13.40). Probable Root Cause: System resource exhaustion or high-resolution input. Suggested Action: Reduce input resolution or check CPU/GPU load.
WARNING  ecoface_lite.ai_engine.pipeline:pipeline.py:311 REGRESSION WARNING: Zero track recoveries despite active detections. Probable Root Cause: Ghosting window too small or association logic too strict. Suggested Action: Increase TRACKING_SOFT_RECOVERY_FRAMES or TEMPORAL_MAX_TRACK_DISTANCE.
WARNING  ecoface_lite.ai_engine.pipeline:pipeline.py:323 REGRESSION WARNING: Confirmation Pending Saturation (225 tracks). Probable Root Cause: Adaptive confirmation criteria not being met. Suggested Action: Lower TRACKING_FAST_CONFIRM_MIN_CONSISTENCY or check image quality.
WARNING  ecoface_lite.ai_engine.pipeline:pipeline.py:263 REGRESSION WARNING: FPS < 15 (Current: 13.70). Probable Root Cause: System resource exhaustion or high-resolution input. Suggested Action: Reduce input resolution or check CPU/GPU load.
WARNING  ecoface_lite.ai_engine.pipeline:pipeline.py:311 REGRESSION WARNING: Zero track recoveries despite active detections. Probable Root Cause: Ghosting window too small or association logic too strict. Suggested Action: Increase TRACKING_SOFT_RECOVERY_FRAMES or TEMPORAL_MAX_TRACK_DISTANCE.
WARNING  ecoface_lite.ai_engine.pipeline:pipeline.py:323 REGRESSION WARNING: Confirmation Pending Saturation (225 tracks). Probable Root Cause: Adaptive confirmation criteria not being met. Suggested Action: Lower TRACKING_FAST_CONFIRM_MIN_CONSISTENCY or check image quality.
WARNING  ecoface_lite.ai_engine.pipeline:pipeline.py:263 REGRESSION WARNING: FPS < 15 (Current: 12.92). Probable Root Cause: System resource exhaustion or high-resolution input. Suggested Action: Reduce input resolution or check CPU/GPU load.
WARNING  ecoface_lite.ai_engine.pipeline:pipeline.py:311 REGRESSION WARNING: Zero track recoveries despite active detections. Probable Root Cause: Ghosting window too small or association logic too strict. Suggested Action: Increase TRACKING_SOFT_RECOVERY_FRAMES or TEMPORAL_MAX_TRACK_DISTANCE.
WARNING  ecoface_lite.ai_engine.pipeline:pipeline.py:323 REGRESSION WARNING: Confirmation Pending Saturation (225 tracks). Probable Root Cause: Adaptive confirmation criteria not being met. Suggested Action: Lower TRACKING_FAST_CONFIRM_MIN_CONSISTENCY or check image quality.
WARNING  ecoface_lite.ai_engine.pipeline:pipeline.py:263 REGRESSION WARNING: FPS < 15 (Current: 12.61). Probable Root Cause: System resource exhaustion or high-resolution input. Suggested Action: Reduce input resolution or check CPU/GPU load.
WARNING  ecoface_lite.ai_engine.pipeline:pipeline.py:311 REGRESSION WARNING: Zero track recoveries despite active detections. Probable Root Cause: Ghosting window too small or association logic too strict. Suggested Action: Increase TRACKING_SOFT_RECOVERY_FRAMES or TEMPORAL_MAX_TRACK_DISTANCE.
WARNING  ecoface_lite.ai_engine.pipeline:pipeline.py:323 REGRESSION WARNING: Confirmation Pending Saturation (225 tracks). Probable Root Cause: Adaptive confirmation criteria not being met. Suggested Action: Lower TRACKING_FAST_CONFIRM_MIN_CONSISTENCY or check image quality.
WARNING  ecoface_lite.ai_engine.pipeline:pipeline.py:263 REGRESSION WARNING: FPS < 15 (Current: 12.48). Probable Root Cause: System resource exhaustion or high-resolution input. Suggested Action: Reduce input resolution or check CPU/GPU load.
WARNING  ecoface_lite.ai_engine.pipeline:pipeline.py:311 REGRESSION WARNING: Zero track recoveries despite active detections. Probable Root Cause: Ghosting window too small or association logic too strict. Suggested Action: Increase TRACKING_SOFT_RECOVERY_FRAMES or TEMPORAL_MAX_TRACK_DISTANCE.
WARNING  ecoface_lite.ai_engine.pipeline:pipeline.py:323 REGRESSION WARNING: Confirmation Pending Saturation (225 tracks). Probable Root Cause: Adaptive confirmation criteria not being met. Suggested Action: Lower TRACKING_FAST_CONFIRM_MIN_CONSISTENCY or check image quality.
WARNING  ecoface_lite.ai_engine.pipeline:pipeline.py:263 REGRESSION WARNING: FPS < 15 (Current: 11.97). Probable Root Cause: System resource exhaustion or high-resolution input. Suggested Action: Reduce input resolution or check CPU/GPU load.
WARNING  ecoface_lite.ai_engine.pipeline:pipeline.py:311 REGRESSION WARNING: Zero track recoveries despite active detections. Probable Root Cause: Ghosting window too small or association logic too strict. Suggested Action: Increase TRACKING_SOFT_RECOVERY_FRAMES or TEMPORAL_MAX_TRACK_DISTANCE.
WARNING  ecoface_lite.ai_engine.pipeline:pipeline.py:323 REGRESSION WARNING: Confirmation Pending Saturation (225 tracks). Probable Root Cause: Adaptive confirmation criteria not being met. Suggested Action: Lower TRACKING_FAST_CONFIRM_MIN_CONSISTENCY or check image quality.
WARNING  ecoface_lite.ai_engine.pipeline:pipeline.py:263 REGRESSION WARNING: FPS < 15 (Current: 11.15). Probable Root Cause: System resource exhaustion or high-resolution input. Suggested Action: Reduce input resolution or check CPU/GPU load.
WARNING  ecoface_lite.ai_engine.pipeline:pipeline.py:311 REGRESSION WARNING: Zero track recoveries despite active detections. Probable Root Cause: Ghosting window too small or association logic too strict. Suggested Action: Increase TRACKING_SOFT_RECOVERY_FRAMES or TEMPORAL_MAX_TRACK_DISTANCE.
WARNING  ecoface_lite.ai_engine.pipeline:pipeline.py:323 REGRESSION WARNING: Confirmation Pending Saturation (225 tracks). Probable Root Cause: Adaptive confirmation criteria not being met. Suggested Action: Lower TRACKING_FAST_CONFIRM_MIN_CONSISTENCY or check image quality.
WARNING  ecoface_lite.ai_engine.pipeline:pipeline.py:263 REGRESSION WARNING: FPS < 15 (Current: 12.70). Probable Root Cause: System resource exhaustion or high-resolution input. Suggested Action: Reduce input resolution or check CPU/GPU load.
WARNING  ecoface_lite.ai_engine.pipeline:pipeline.py:311 REGRESSION WARNING: Zero track recoveries despite active detections. Probable Root Cause: Ghosting window too small or association logic too strict. Suggested Action: Increase TRACKING_SOFT_RECOVERY_FRAMES or TEMPORAL_MAX_TRACK_DISTANCE.
WARNING  ecoface_lite.ai_engine.pipeline:pipeline.py:323 REGRESSION WARNING: Confirmation Pending Saturation (225 tracks). Probable Root Cause: Adaptive confirmation criteria not being met. Suggested Action: Lower TRACKING_FAST_CONFIRM_MIN_CONSISTENCY or check image quality.
WARNING  ecoface_lite.ai_engine.pipeline:pipeline.py:263 REGRESSION WARNING: FPS < 15 (Current: 11.58). Probable Root Cause: System resource exhaustion or high-resolution input. Suggested Action: Reduce input resolution or check CPU/GPU load.
WARNING  ecoface_lite.ai_engine.pipeline:pipeline.py:311 REGRESSION WARNING: Zero track recoveries despite active detections. Probable Root Cause: Ghosting window too small or association logic too strict. Suggested Action: Increase TRACKING_SOFT_RECOVERY_FRAMES or TEMPORAL_MAX_TRACK_DISTANCE.
WARNING  ecoface_lite.ai_engine.pipeline:pipeline.py:323 REGRESSION WARNING: Confirmation Pending Saturation (225 tracks). Probable Root Cause: Adaptive confirmation criteria not being met. Suggested Action: Lower TRACKING_FAST_CONFIRM_MIN_CONSISTENCY or check image quality.
WARNING  ecoface_lite.ai_engine.pipeline:pipeline.py:807 Detector overload frame_index=144 count=50. Activating load-shedding: interval=5
WARNING  ecoface_lite.ai_engine.pipeline:pipeline.py:263 REGRESSION WARNING: FPS < 15 (Current: 4.51). Probable Root Cause: System resource exhaustion or high-resolution input. Suggested Action: Reduce input resolution or check CPU/GPU load.
WARNING  ecoface_lite.ai_engine.pipeline:pipeline.py:311 REGRESSION WARNING: Zero track recoveries despite active detections. Probable Root Cause: Ghosting window too small or association logic too strict. Suggested Action: Increase TRACKING_SOFT_RECOVERY_FRAMES or TEMPORAL_MAX_TRACK_DISTANCE.
WARNING  ecoface_lite.ai_engine.pipeline:pipeline.py:323 REGRESSION WARNING: Confirmation Pending Saturation (225 tracks). Probable Root Cause: Adaptive confirmation criteria not being met. Suggested Action: Lower TRACKING_FAST_CONFIRM_MIN_CONSISTENCY or check image quality.
WARNING  ecoface_lite.ai_engine.pipeline:pipeline.py:263 REGRESSION WARNING: FPS < 15 (Current: 11.79). Probable Root Cause: System resource exhaustion or high-resolution input. Suggested Action: Reduce input resolution or check CPU/GPU load.
WARNING  ecoface_lite.ai_engine.pipeline:pipeline.py:311 REGRESSION WARNING: Zero track recoveries despite active detections. Probable Root Cause: Ghosting window too small or association logic too strict. Suggested Action: Increase TRACKING_SOFT_RECOVERY_FRAMES or TEMPORAL_MAX_TRACK_DISTANCE.
WARNING  ecoface_lite.ai_engine.pipeline:pipeline.py:323 REGRESSION WARNING: Confirmation Pending Saturation (225 tracks). Probable Root Cause: Adaptive confirmation criteria not being met. Suggested Action: Lower TRACKING_FAST_CONFIRM_MIN_CONSISTENCY or check image quality.
WARNING  ecoface_lite.ai_engine.pipeline:pipeline.py:263 REGRESSION WARNING: FPS < 15 (Current: 11.45). Probable Root Cause: System resource exhaustion or high-resolution input. Suggested Action: Reduce input resolution or check CPU/GPU load.
WARNING  ecoface_lite.ai_engine.pipeline:pipeline.py:311 REGRESSION WARNING: Zero track recoveries despite active detections. Probable Root Cause: Ghosting window too small or association logic too strict. Suggested Action: Increase TRACKING_SOFT_RECOVERY_FRAMES or TEMPORAL_MAX_TRACK_DISTANCE.
WARNING  ecoface_lite.ai_engine.pipeline:pipeline.py:323 REGRESSION WARNING: Confirmation Pending Saturation (225 tracks). Probable Root Cause: Adaptive confirmation criteria not being met. Suggested Action: Lower TRACKING_FAST_CONFIRM_MIN_CONSISTENCY or check image quality.
WARNING  ecoface_lite.ai_engine.pipeline:pipeline.py:263 REGRESSION WARNING: FPS < 15 (Current: 12.44). Probable Root Cause: System resource exhaustion or high-resolution input. Suggested Action: Reduce input resolution or check CPU/GPU load.
WARNING  ecoface_lite.ai_engine.pipeline:pipeline.py:311 REGRESSION WARNING: Zero track recoveries despite active detections. Probable Root Cause: Ghosting window too small or association logic too strict. Suggested Action: Increase TRACKING_SOFT_RECOVERY_FRAMES or TEMPORAL_MAX_TRACK_DISTANCE.
WARNING  ecoface_lite.ai_engine.pipeline:pipeline.py:323 REGRESSION WARNING: Confirmation Pending Saturation (225 tracks). Probable Root Cause: Adaptive confirmation criteria not being met. Suggested Action: Lower TRACKING_FAST_CONFIRM_MIN_CONSISTENCY or check image quality.
WARNING  ecoface_lite.ai_engine.pipeline:pipeline.py:263 REGRESSION WARNING: FPS < 15 (Current: 12.59). Probable Root Cause: System resource exhaustion or high-resolution input. Suggested Action: Reduce input resolution or check CPU/GPU load.
WARNING  ecoface_lite.ai_engine.pipeline:pipeline.py:311 REGRESSION WARNING: Zero track recoveries despite active detections. Probable Root Cause: Ghosting window too small or association logic too strict. Suggested Action: Increase TRACKING_SOFT_RECOVERY_FRAMES or TEMPORAL_MAX_TRACK_DISTANCE.
WARNING  ecoface_lite.ai_engine.pipeline:pipeline.py:323 REGRESSION WARNING: Confirmation Pending Saturation (225 tracks). Probable Root Cause: Adaptive confirmation criteria not being met. Suggested Action: Lower TRACKING_FAST_CONFIRM_MIN_CONSISTENCY or check image quality.
WARNING  ecoface_lite.ai_engine.pipeline:pipeline.py:263 REGRESSION WARNING: FPS < 15 (Current: 12.93). Probable Root Cause: System resource exhaustion or high-resolution input. Suggested Action: Reduce input resolution or check CPU/GPU load.
WARNING  ecoface_lite.ai_engine.pipeline:pipeline.py:311 REGRESSION WARNING: Zero track recoveries despite active detections. Probable Root Cause: Ghosting window too small or association logic too strict. Suggested Action: Increase TRACKING_SOFT_RECOVERY_FRAMES or TEMPORAL_MAX_TRACK_DISTANCE.
WARNING  ecoface_lite.ai_engine.pipeline:pipeline.py:323 REGRESSION WARNING: Confirmation Pending Saturation (225 tracks). Probable Root Cause: Adaptive confirmation criteria not being met. Suggested Action: Lower TRACKING_FAST_CONFIRM_MIN_CONSISTENCY or check image quality.
WARNING  ecoface_lite.ai_engine.pipeline:pipeline.py:263 REGRESSION WARNING: FPS < 15 (Current: 12.08). Probable Root Cause: System resource exhaustion or high-resolution input. Suggested Action: Reduce input resolution or check CPU/GPU load.
WARNING  ecoface_lite.ai_engine.pipeline:pipeline.py:311 REGRESSION WARNING: Zero track recoveries despite active detections. Probable Root Cause: Ghosting window too small or association logic too strict. Suggested Action: Increase TRACKING_SOFT_RECOVERY_FRAMES or TEMPORAL_MAX_TRACK_DISTANCE.
WARNING  ecoface_lite.ai_engine.pipeline:pipeline.py:323 REGRESSION WARNING: Confirmation Pending Saturation (225 tracks). Probable Root Cause: Adaptive confirmation criteria not being met. Suggested Action: Lower TRACKING_FAST_CONFIRM_MIN_CONSISTENCY or check image quality.
WARNING  ecoface_lite.ai_engine.pipeline:pipeline.py:263 REGRESSION WARNING: FPS < 15 (Current: 13.76). Probable Root Cause: System resource exhaustion or high-resolution input. Suggested Action: Reduce input resolution or check CPU/GPU load.
WARNING  ecoface_lite.ai_engine.pipeline:pipeline.py:311 REGRESSION WARNING: Zero track recoveries despite active detections. Probable Root Cause: Ghosting window too small or association logic too strict. Suggested Action: Increase TRACKING_SOFT_RECOVERY_FRAMES or TEMPORAL_MAX_TRACK_DISTANCE.
WARNING  ecoface_lite.ai_engine.pipeline:pipeline.py:323 REGRESSION WARNING: Confirmation Pending Saturation (225 tracks). Probable Root Cause: Adaptive confirmation criteria not being met. Suggested Action: Lower TRACKING_FAST_CONFIRM_MIN_CONSISTENCY or check image quality.
WARNING  ecoface_lite.ai_engine.pipeline:pipeline.py:263 REGRESSION WARNING: FPS < 15 (Current: 13.26). Probable Root Cause: System resource exhaustion or high-resolution input. Suggested Action: Reduce input resolution or check CPU/GPU load.
WARNING  ecoface_lite.ai_engine.pipeline:pipeline.py:311 REGRESSION WARNING: Zero track recoveries despite active detections. Probable Root Cause: Ghosting window too small or association logic too strict. Suggested Action: Increase TRACKING_SOFT_RECOVERY_FRAMES or TEMPORAL_MAX_TRACK_DISTANCE.
WARNING  ecoface_lite.ai_engine.pipeline:pipeline.py:323 REGRESSION WARNING: Confirmation Pending Saturation (225 tracks). Probable Root Cause: Adaptive confirmation criteria not being met. Suggested Action: Lower TRACKING_FAST_CONFIRM_MIN_CONSISTENCY or check image quality.
WARNING  ecoface_lite.ai_engine.pipeline:pipeline.py:263 REGRESSION WARNING: FPS < 15 (Current: 12.71). Probable Root Cause: System resource exhaustion or high-resolution input. Suggested Action: Reduce input resolution or check CPU/GPU load.
WARNING  ecoface_lite.ai_engine.pipeline:pipeline.py:311 REGRESSION WARNING: Zero track recoveries despite active detections. Probable Root Cause: Ghosting window too small or association logic too strict. Suggested Action: Increase TRACKING_SOFT_RECOVERY_FRAMES or TEMPORAL_MAX_TRACK_DISTANCE.
WARNING  ecoface_lite.ai_engine.pipeline:pipeline.py:323 REGRESSION WARNING: Confirmation Pending Saturation (225 tracks). Probable Root Cause: Adaptive confirmation criteria not being met. Suggested Action: Lower TRACKING_FAST_CONFIRM_MIN_CONSISTENCY or check image quality.
WARNING  ecoface_lite.ai_engine.pipeline:pipeline.py:263 REGRESSION WARNING: FPS < 15 (Current: 11.68). Probable Root Cause: System resource exhaustion or high-resolution input. Suggested Action: Reduce input resolution or check CPU/GPU load.
WARNING  ecoface_lite.ai_engine.pipeline:pipeline.py:311 REGRESSION WARNING: Zero track recoveries despite active detections. Probable Root Cause: Ghosting window too small or association logic too strict. Suggested Action: Increase TRACKING_SOFT_RECOVERY_FRAMES or TEMPORAL_MAX_TRACK_DISTANCE.
WARNING  ecoface_lite.ai_engine.pipeline:pipeline.py:323 REGRESSION WARNING: Confirmation Pending Saturation (225 tracks). Probable Root Cause: Adaptive confirmation criteria not being met. Suggested Action: Lower TRACKING_FAST_CONFIRM_MIN_CONSISTENCY or check image quality.
WARNING  ecoface_lite.ai_engine.pipeline:pipeline.py:263 REGRESSION WARNING: FPS < 15 (Current: 12.24). Probable Root Cause: System resource exhaustion or high-resolution input. Suggested Action: Reduce input resolution or check CPU/GPU load.
WARNING  ecoface_lite.ai_engine.pipeline:pipeline.py:311 REGRESSION WARNING: Zero track recoveries despite active detections. Probable Root Cause: Ghosting window too small or association logic too strict. Suggested Action: Increase TRACKING_SOFT_RECOVERY_FRAMES or TEMPORAL_MAX_TRACK_DISTANCE.
WARNING  ecoface_lite.ai_engine.pipeline:pipeline.py:323 REGRESSION WARNING: Confirmation Pending Saturation (225 tracks). Probable Root Cause: Adaptive confirmation criteria not being met. Suggested Action: Lower TRACKING_FAST_CONFIRM_MIN_CONSISTENCY or check image quality.
WARNING  ecoface_lite.ai_engine.pipeline:pipeline.py:807 Detector overload frame_index=156 count=50. Activating load-shedding: interval=5
WARNING  ecoface_lite.ai_engine.pipeline:pipeline.py:263 REGRESSION WARNING: FPS < 15 (Current: 4.95). Probable Root Cause: System resource exhaustion or high-resolution input. Suggested Action: Reduce input resolution or check CPU/GPU load.
WARNING  ecoface_lite.ai_engine.pipeline:pipeline.py:311 REGRESSION WARNING: Zero track recoveries despite active detections. Probable Root Cause: Ghosting window too small or association logic too strict. Suggested Action: Increase TRACKING_SOFT_RECOVERY_FRAMES or TEMPORAL_MAX_TRACK_DISTANCE.
WARNING  ecoface_lite.ai_engine.pipeline:pipeline.py:323 REGRESSION WARNING: Confirmation Pending Saturation (225 tracks). Probable Root Cause: Adaptive confirmation criteria not being met. Suggested Action: Lower TRACKING_FAST_CONFIRM_MIN_CONSISTENCY or check image quality.
WARNING  ecoface_lite.ai_engine.pipeline:pipeline.py:263 REGRESSION WARNING: FPS < 15 (Current: 10.84). Probable Root Cause: System resource exhaustion or high-resolution input. Suggested Action: Reduce input resolution or check CPU/GPU load.
WARNING  ecoface_lite.ai_engine.pipeline:pipeline.py:311 REGRESSION WARNING: Zero track recoveries despite active detections. Probable Root Cause: Ghosting window too small or association logic too strict. Suggested Action: Increase TRACKING_SOFT_RECOVERY_FRAMES or TEMPORAL_MAX_TRACK_DISTANCE.
WARNING  ecoface_lite.ai_engine.pipeline:pipeline.py:323 REGRESSION WARNING: Confirmation Pending Saturation (225 tracks). Probable Root Cause: Adaptive confirmation criteria not being met. Suggested Action: Lower TRACKING_FAST_CONFIRM_MIN_CONSISTENCY or check image quality.
WARNING  ecoface_lite.ai_engine.pipeline:pipeline.py:263 REGRESSION WARNING: FPS < 15 (Current: 9.70). Probable Root Cause: System resource exhaustion or high-resolution input. Suggested Action: Reduce input resolution or check CPU/GPU load.
WARNING  ecoface_lite.ai_engine.pipeline:pipeline.py:311 REGRESSION WARNING: Zero track recoveries despite active detections. Probable Root Cause: Ghosting window too small or association logic too strict. Suggested Action: Increase TRACKING_SOFT_RECOVERY_FRAMES or TEMPORAL_MAX_TRACK_DISTANCE.
WARNING  ecoface_lite.ai_engine.pipeline:pipeline.py:323 REGRESSION WARNING: Confirmation Pending Saturation (225 tracks). Probable Root Cause: Adaptive confirmation criteria not being met. Suggested Action: Lower TRACKING_FAST_CONFIRM_MIN_CONSISTENCY or check image quality.
WARNING  ecoface_lite.ai_engine.pipeline:pipeline.py:263 REGRESSION WARNING: FPS < 15 (Current: 8.03). Probable Root Cause: System resource exhaustion or high-resolution input. Suggested Action: Reduce input resolution or check CPU/GPU load.
WARNING  ecoface_lite.ai_engine.pipeline:pipeline.py:311 REGRESSION WARNING: Zero track recoveries despite active detections. Probable Root Cause: Ghosting window too small or association logic too strict. Suggested Action: Increase TRACKING_SOFT_RECOVERY_FRAMES or TEMPORAL_MAX_TRACK_DISTANCE.
WARNING  ecoface_lite.ai_engine.pipeline:pipeline.py:323 REGRESSION WARNING: Confirmation Pending Saturation (225 tracks). Probable Root Cause: Adaptive confirmation criteria not being met. Suggested Action: Lower TRACKING_FAST_CONFIRM_MIN_CONSISTENCY or check image quality.
WARNING  ecoface_lite.ai_engine.pipeline:pipeline.py:263 REGRESSION WARNING: FPS < 15 (Current: 11.49). Probable Root Cause: System resource exhaustion or high-resolution input. Suggested Action: Reduce input resolution or check CPU/GPU load.
WARNING  ecoface_lite.ai_engine.pipeline:pipeline.py:311 REGRESSION WARNING: Zero track recoveries despite active detections. Probable Root Cause: Ghosting window too small or association logic too strict. Suggested Action: Increase TRACKING_SOFT_RECOVERY_FRAMES or TEMPORAL_MAX_TRACK_DISTANCE.
WARNING  ecoface_lite.ai_engine.pipeline:pipeline.py:323 REGRESSION WARNING: Confirmation Pending Saturation (225 tracks). Probable Root Cause: Adaptive confirmation criteria not being met. Suggested Action: Lower TRACKING_FAST_CONFIRM_MIN_CONSISTENCY or check image quality.
WARNING  ecoface_lite.ai_engine.pipeline:pipeline.py:263 REGRESSION WARNING: FPS < 15 (Current: 12.33). Probable Root Cause: System resource exhaustion or high-resolution input. Suggested Action: Reduce input resolution or check CPU/GPU load.
WARNING  ecoface_lite.ai_engine.pipeline:pipeline.py:311 REGRESSION WARNING: Zero track recoveries despite active detections. Probable Root Cause: Ghosting window too small or association logic too strict. Suggested Action: Increase TRACKING_SOFT_RECOVERY_FRAMES or TEMPORAL_MAX_TRACK_DISTANCE.
WARNING  ecoface_lite.ai_engine.pipeline:pipeline.py:323 REGRESSION WARNING: Confirmation Pending Saturation (225 tracks). Probable Root Cause: Adaptive confirmation criteria not being met. Suggested Action: Lower TRACKING_FAST_CONFIRM_MIN_CONSISTENCY or check image quality.
WARNING  ecoface_lite.ai_engine.pipeline:pipeline.py:263 REGRESSION WARNING: FPS < 15 (Current: 12.71). Probable Root Cause: System resource exhaustion or high-resolution input. Suggested Action: Reduce input resolution or check CPU/GPU load.
WARNING  ecoface_lite.ai_engine.pipeline:pipeline.py:311 REGRESSION WARNING: Zero track recoveries despite active detections. Probable Root Cause: Ghosting window too small or association logic too strict. Suggested Action: Increase TRACKING_SOFT_RECOVERY_FRAMES or TEMPORAL_MAX_TRACK_DISTANCE.
WARNING  ecoface_lite.ai_engine.pipeline:pipeline.py:323 REGRESSION WARNING: Confirmation Pending Saturation (225 tracks). Probable Root Cause: Adaptive confirmation criteria not being met. Suggested Action: Lower TRACKING_FAST_CONFIRM_MIN_CONSISTENCY or check image quality.
WARNING  ecoface_lite.ai_engine.pipeline:pipeline.py:263 REGRESSION WARNING: FPS < 15 (Current: 11.70). Probable Root Cause: System resource exhaustion or high-resolution input. Suggested Action: Reduce input resolution or check CPU/GPU load.
WARNING  ecoface_lite.ai_engine.pipeline:pipeline.py:311 REGRESSION WARNING: Zero track recoveries despite active detections. Probable Root Cause: Ghosting window too small or association logic too strict. Suggested Action: Increase TRACKING_SOFT_RECOVERY_FRAMES or TEMPORAL_MAX_TRACK_DISTANCE.
WARNING  ecoface_lite.ai_engine.pipeline:pipeline.py:323 REGRESSION WARNING: Confirmation Pending Saturation (225 tracks). Probable Root Cause: Adaptive confirmation criteria not being met. Suggested Action: Lower TRACKING_FAST_CONFIRM_MIN_CONSISTENCY or check image quality.
WARNING  ecoface_lite.ai_engine.pipeline:pipeline.py:263 REGRESSION WARNING: FPS < 15 (Current: 11.36). Probable Root Cause: System resource exhaustion or high-resolution input. Suggested Action: Reduce input resolution or check CPU/GPU load.
WARNING  ecoface_lite.ai_engine.pipeline:pipeline.py:311 REGRESSION WARNING: Zero track recoveries despite active detections. Probable Root Cause: Ghosting window too small or association logic too strict. Suggested Action: Increase TRACKING_SOFT_RECOVERY_FRAMES or TEMPORAL_MAX_TRACK_DISTANCE.
WARNING  ecoface_lite.ai_engine.pipeline:pipeline.py:323 REGRESSION WARNING: Confirmation Pending Saturation (225 tracks). Probable Root Cause: Adaptive confirmation criteria not being met. Suggested Action: Lower TRACKING_FAST_CONFIRM_MIN_CONSISTENCY or check image quality.
WARNING  ecoface_lite.ai_engine.pipeline:pipeline.py:263 REGRESSION WARNING: FPS < 15 (Current: 10.30). Probable Root Cause: System resource exhaustion or high-resolution input. Suggested Action: Reduce input resolution or check CPU/GPU load.
WARNING  ecoface_lite.ai_engine.pipeline:pipeline.py:311 REGRESSION WARNING: Zero track recoveries despite active detections. Probable Root Cause: Ghosting window too small or association logic too strict. Suggested Action: Increase TRACKING_SOFT_RECOVERY_FRAMES or TEMPORAL_MAX_TRACK_DISTANCE.
WARNING  ecoface_lite.ai_engine.pipeline:pipeline.py:323 REGRESSION WARNING: Confirmation Pending Saturation (225 tracks). Probable Root Cause: Adaptive confirmation criteria not being met. Suggested Action: Lower TRACKING_FAST_CONFIRM_MIN_CONSISTENCY or check image quality.
WARNING  ecoface_lite.ai_engine.pipeline:pipeline.py:263 REGRESSION WARNING: FPS < 15 (Current: 10.91). Probable Root Cause: System resource exhaustion or high-resolution input. Suggested Action: Reduce input resolution or check CPU/GPU load.
WARNING  ecoface_lite.ai_engine.pipeline:pipeline.py:311 REGRESSION WARNING: Zero track recoveries despite active detections. Probable Root Cause: Ghosting window too small or association logic too strict. Suggested Action: Increase TRACKING_SOFT_RECOVERY_FRAMES or TEMPORAL_MAX_TRACK_DISTANCE.
WARNING  ecoface_lite.ai_engine.pipeline:pipeline.py:323 REGRESSION WARNING: Confirmation Pending Saturation (225 tracks). Probable Root Cause: Adaptive confirmation criteria not being met. Suggested Action: Lower TRACKING_FAST_CONFIRM_MIN_CONSISTENCY or check image quality.
WARNING  ecoface_lite.ai_engine.pipeline:pipeline.py:263 REGRESSION WARNING: FPS < 15 (Current: 10.22). Probable Root Cause: System resource exhaustion or high-resolution input. Suggested Action: Reduce input resolution or check CPU/GPU load.
WARNING  ecoface_lite.ai_engine.pipeline:pipeline.py:311 REGRESSION WARNING: Zero track recoveries despite active detections. Probable Root Cause: Ghosting window too small or association logic too strict. Suggested Action: Increase TRACKING_SOFT_RECOVERY_FRAMES or TEMPORAL_MAX_TRACK_DISTANCE.
WARNING  ecoface_lite.ai_engine.pipeline:pipeline.py:323 REGRESSION WARNING: Confirmation Pending Saturation (225 tracks). Probable Root Cause: Adaptive confirmation criteria not being met. Suggested Action: Lower TRACKING_FAST_CONFIRM_MIN_CONSISTENCY or check image quality.
WARNING  ecoface_lite.ai_engine.pipeline:pipeline.py:807 Detector overload frame_index=168 count=50. Activating load-shedding: interval=5
WARNING  ecoface_lite.ai_engine.pipeline:pipeline.py:263 REGRESSION WARNING: FPS < 15 (Current: 5.03). Probable Root Cause: System resource exhaustion or high-resolution input. Suggested Action: Reduce input resolution or check CPU/GPU load.
WARNING  ecoface_lite.ai_engine.pipeline:pipeline.py:311 REGRESSION WARNING: Zero track recoveries despite active detections. Probable Root Cause: Ghosting window too small or association logic too strict. Suggested Action: Increase TRACKING_SOFT_RECOVERY_FRAMES or TEMPORAL_MAX_TRACK_DISTANCE.
WARNING  ecoface_lite.ai_engine.pipeline:pipeline.py:323 REGRESSION WARNING: Confirmation Pending Saturation (225 tracks). Probable Root Cause: Adaptive confirmation criteria not being met. Suggested Action: Lower TRACKING_FAST_CONFIRM_MIN_CONSISTENCY or check image quality.
WARNING  ecoface_lite.ai_engine.pipeline:pipeline.py:263 REGRESSION WARNING: FPS < 15 (Current: 10.58). Probable Root Cause: System resource exhaustion or high-resolution input. Suggested Action: Reduce input resolution or check CPU/GPU load.
WARNING  ecoface_lite.ai_engine.pipeline:pipeline.py:311 REGRESSION WARNING: Zero track recoveries despite active detections. Probable Root Cause: Ghosting window too small or association logic too strict. Suggested Action: Increase TRACKING_SOFT_RECOVERY_FRAMES or TEMPORAL_MAX_TRACK_DISTANCE.
WARNING  ecoface_lite.ai_engine.pipeline:pipeline.py:323 REGRESSION WARNING: Confirmation Pending Saturation (225 tracks). Probable Root Cause: Adaptive confirmation criteria not being met. Suggested Action: Lower TRACKING_FAST_CONFIRM_MIN_CONSISTENCY or check image quality.
WARNING  ecoface_lite.ai_engine.pipeline:pipeline.py:263 REGRESSION WARNING: FPS < 15 (Current: 11.52). Probable Root Cause: System resource exhaustion or high-resolution input. Suggested Action: Reduce input resolution or check CPU/GPU load.
WARNING  ecoface_lite.ai_engine.pipeline:pipeline.py:311 REGRESSION WARNING: Zero track recoveries despite active detections. Probable Root Cause: Ghosting window too small or association logic too strict. Suggested Action: Increase TRACKING_SOFT_RECOVERY_FRAMES or TEMPORAL_MAX_TRACK_DISTANCE.
WARNING  ecoface_lite.ai_engine.pipeline:pipeline.py:323 REGRESSION WARNING: Confirmation Pending Saturation (225 tracks). Probable Root Cause: Adaptive confirmation criteria not being met. Suggested Action: Lower TRACKING_FAST_CONFIRM_MIN_CONSISTENCY or check image quality.
WARNING  ecoface_lite.ai_engine.pipeline:pipeline.py:263 REGRESSION WARNING: FPS < 15 (Current: 10.15). Probable Root Cause: System resource exhaustion or high-resolution input. Suggested Action: Reduce input resolution or check CPU/GPU load.
WARNING  ecoface_lite.ai_engine.pipeline:pipeline.py:311 REGRESSION WARNING: Zero track recoveries despite active detections. Probable Root Cause: Ghosting window too small or association logic too strict. Suggested Action: Increase TRACKING_SOFT_RECOVERY_FRAMES or TEMPORAL_MAX_TRACK_DISTANCE.
WARNING  ecoface_lite.ai_engine.pipeline:pipeline.py:323 REGRESSION WARNING: Confirmation Pending Saturation (225 tracks). Probable Root Cause: Adaptive confirmation criteria not being met. Suggested Action: Lower TRACKING_FAST_CONFIRM_MIN_CONSISTENCY or check image quality.
WARNING  ecoface_lite.ai_engine.pipeline:pipeline.py:263 REGRESSION WARNING: FPS < 15 (Current: 10.10). Probable Root Cause: System resource exhaustion or high-resolution input. Suggested Action: Reduce input resolution or check CPU/GPU load.
WARNING  ecoface_lite.ai_engine.pipeline:pipeline.py:311 REGRESSION WARNING: Zero track recoveries despite active detections. Probable Root Cause: Ghosting window too small or association logic too strict. Suggested Action: Increase TRACKING_SOFT_RECOVERY_FRAMES or TEMPORAL_MAX_TRACK_DISTANCE.
WARNING  ecoface_lite.ai_engine.pipeline:pipeline.py:323 REGRESSION WARNING: Confirmation Pending Saturation (225 tracks). Probable Root Cause: Adaptive confirmation criteria not being met. Suggested Action: Lower TRACKING_FAST_CONFIRM_MIN_CONSISTENCY or check image quality.
WARNING  ecoface_lite.ai_engine.pipeline:pipeline.py:263 REGRESSION WARNING: FPS < 15 (Current: 10.59). Probable Root Cause: System resource exhaustion or high-resolution input. Suggested Action: Reduce input resolution or check CPU/GPU load.
WARNING  ecoface_lite.ai_engine.pipeline:pipeline.py:311 REGRESSION WARNING: Zero track recoveries despite active detections. Probable Root Cause: Ghosting window too small or association logic too strict. Suggested Action: Increase TRACKING_SOFT_RECOVERY_FRAMES or TEMPORAL_MAX_TRACK_DISTANCE.
WARNING  ecoface_lite.ai_engine.pipeline:pipeline.py:323 REGRESSION WARNING: Confirmation Pending Saturation (225 tracks). Probable Root Cause: Adaptive confirmation criteria not being met. Suggested Action: Lower TRACKING_FAST_CONFIRM_MIN_CONSISTENCY or check image quality.
WARNING  ecoface_lite.ai_engine.pipeline:pipeline.py:263 REGRESSION WARNING: FPS < 15 (Current: 11.37). Probable Root Cause: System resource exhaustion or high-resolution input. Suggested Action: Reduce input resolution or check CPU/GPU load.
WARNING  ecoface_lite.ai_engine.pipeline:pipeline.py:311 REGRESSION WARNING: Zero track recoveries despite active detections. Probable Root Cause: Ghosting window too small or association logic too strict. Suggested Action: Increase TRACKING_SOFT_RECOVERY_FRAMES or TEMPORAL_MAX_TRACK_DISTANCE.
WARNING  ecoface_lite.ai_engine.pipeline:pipeline.py:323 REGRESSION WARNING: Confirmation Pending Saturation (225 tracks). Probable Root Cause: Adaptive confirmation criteria not being met. Suggested Action: Lower TRACKING_FAST_CONFIRM_MIN_CONSISTENCY or check image quality.
WARNING  ecoface_lite.ai_engine.pipeline:pipeline.py:263 REGRESSION WARNING: FPS < 15 (Current: 10.57). Probable Root Cause: System resource exhaustion or high-resolution input. Suggested Action: Reduce input resolution or check CPU/GPU load.
WARNING  ecoface_lite.ai_engine.pipeline:pipeline.py:311 REGRESSION WARNING: Zero track recoveries despite active detections. Probable Root Cause: Ghosting window too small or association logic too strict. Suggested Action: Increase TRACKING_SOFT_RECOVERY_FRAMES or TEMPORAL_MAX_TRACK_DISTANCE.
WARNING  ecoface_lite.ai_engine.pipeline:pipeline.py:323 REGRESSION WARNING: Confirmation Pending Saturation (225 tracks). Probable Root Cause: Adaptive confirmation criteria not being met. Suggested Action: Lower TRACKING_FAST_CONFIRM_MIN_CONSISTENCY or check image quality.
WARNING  ecoface_lite.ai_engine.pipeline:pipeline.py:263 REGRESSION WARNING: FPS < 15 (Current: 10.57). Probable Root Cause: System resource exhaustion or high-resolution input. Suggested Action: Reduce input resolution or check CPU/GPU load.
WARNING  ecoface_lite.ai_engine.pipeline:pipeline.py:311 REGRESSION WARNING: Zero track recoveries despite active detections. Probable Root Cause: Ghosting window too small or association logic too strict. Suggested Action: Increase TRACKING_SOFT_RECOVERY_FRAMES or TEMPORAL_MAX_TRACK_DISTANCE.
WARNING  ecoface_lite.ai_engine.pipeline:pipeline.py:323 REGRESSION WARNING: Confirmation Pending Saturation (225 tracks). Probable Root Cause: Adaptive confirmation criteria not being met. Suggested Action: Lower TRACKING_FAST_CONFIRM_MIN_CONSISTENCY or check image quality.
WARNING  ecoface_lite.ai_engine.pipeline:pipeline.py:263 REGRESSION WARNING: FPS < 15 (Current: 11.92). Probable Root Cause: System resource exhaustion or high-resolution input. Suggested Action: Reduce input resolution or check CPU/GPU load.
WARNING  ecoface_lite.ai_engine.pipeline:pipeline.py:311 REGRESSION WARNING: Zero track recoveries despite active detections. Probable Root Cause: Ghosting window too small or association logic too strict. Suggested Action: Increase TRACKING_SOFT_RECOVERY_FRAMES or TEMPORAL_MAX_TRACK_DISTANCE.
WARNING  ecoface_lite.ai_engine.pipeline:pipeline.py:323 REGRESSION WARNING: Confirmation Pending Saturation (225 tracks). Probable Root Cause: Adaptive confirmation criteria not being met. Suggested Action: Lower TRACKING_FAST_CONFIRM_MIN_CONSISTENCY or check image quality.
WARNING  ecoface_lite.ai_engine.pipeline:pipeline.py:263 REGRESSION WARNING: FPS < 15 (Current: 11.61). Probable Root Cause: System resource exhaustion or high-resolution input. Suggested Action: Reduce input resolution or check CPU/GPU load.
WARNING  ecoface_lite.ai_engine.pipeline:pipeline.py:311 REGRESSION WARNING: Zero track recoveries despite active detections. Probable Root Cause: Ghosting window too small or association logic too strict. Suggested Action: Increase TRACKING_SOFT_RECOVERY_FRAMES or TEMPORAL_MAX_TRACK_DISTANCE.
WARNING  ecoface_lite.ai_engine.pipeline:pipeline.py:323 REGRESSION WARNING: Confirmation Pending Saturation (225 tracks). Probable Root Cause: Adaptive confirmation criteria not being met. Suggested Action: Lower TRACKING_FAST_CONFIRM_MIN_CONSISTENCY or check image quality.
WARNING  ecoface_lite.ai_engine.pipeline:pipeline.py:263 REGRESSION WARNING: FPS < 15 (Current: 11.75). Probable Root Cause: System resource exhaustion or high-resolution input. Suggested Action: Reduce input resolution or check CPU/GPU load.
WARNING  ecoface_lite.ai_engine.pipeline:pipeline.py:311 REGRESSION WARNING: Zero track recoveries despite active detections. Probable Root Cause: Ghosting window too small or association logic too strict. Suggested Action: Increase TRACKING_SOFT_RECOVERY_FRAMES or TEMPORAL_MAX_TRACK_DISTANCE.
WARNING  ecoface_lite.ai_engine.pipeline:pipeline.py:323 REGRESSION WARNING: Confirmation Pending Saturation (225 tracks). Probable Root Cause: Adaptive confirmation criteria not being met. Suggested Action: Lower TRACKING_FAST_CONFIRM_MIN_CONSISTENCY or check image quality.
WARNING  ecoface_lite.ai_engine.pipeline:pipeline.py:807 Detector overload frame_index=180 count=50. Activating load-shedding: interval=5
WARNING  ecoface_lite.ai_engine.pipeline:pipeline.py:263 REGRESSION WARNING: FPS < 15 (Current: 5.28). Probable Root Cause: System resource exhaustion or high-resolution input. Suggested Action: Reduce input resolution or check CPU/GPU load.
WARNING  ecoface_lite.ai_engine.pipeline:pipeline.py:311 REGRESSION WARNING: Zero track recoveries despite active detections. Probable Root Cause: Ghosting window too small or association logic too strict. Suggested Action: Increase TRACKING_SOFT_RECOVERY_FRAMES or TEMPORAL_MAX_TRACK_DISTANCE.
WARNING  ecoface_lite.ai_engine.pipeline:pipeline.py:323 REGRESSION WARNING: Confirmation Pending Saturation (225 tracks). Probable Root Cause: Adaptive confirmation criteria not being met. Suggested Action: Lower TRACKING_FAST_CONFIRM_MIN_CONSISTENCY or check image quality.
WARNING  ecoface_lite.ai_engine.pipeline:pipeline.py:263 REGRESSION WARNING: FPS < 15 (Current: 12.08). Probable Root Cause: System resource exhaustion or high-resolution input. Suggested Action: Reduce input resolution or check CPU/GPU load.
WARNING  ecoface_lite.ai_engine.pipeline:pipeline.py:311 REGRESSION WARNING: Zero track recoveries despite active detections. Probable Root Cause: Ghosting window too small or association logic too strict. Suggested Action: Increase TRACKING_SOFT_RECOVERY_FRAMES or TEMPORAL_MAX_TRACK_DISTANCE.
WARNING  ecoface_lite.ai_engine.pipeline:pipeline.py:323 REGRESSION WARNING: Confirmation Pending Saturation (225 tracks). Probable Root Cause: Adaptive confirmation criteria not being met. Suggested Action: Lower TRACKING_FAST_CONFIRM_MIN_CONSISTENCY or check image quality.
WARNING  ecoface_lite.ai_engine.pipeline:pipeline.py:263 REGRESSION WARNING: FPS < 15 (Current: 11.32). Probable Root Cause: System resource exhaustion or high-resolution input. Suggested Action: Reduce input resolution or check CPU/GPU load.
WARNING  ecoface_lite.ai_engine.pipeline:pipeline.py:311 REGRESSION WARNING: Zero track recoveries despite active detections. Probable Root Cause: Ghosting window too small or association logic too strict. Suggested Action: Increase TRACKING_SOFT_RECOVERY_FRAMES or TEMPORAL_MAX_TRACK_DISTANCE.
WARNING  ecoface_lite.ai_engine.pipeline:pipeline.py:323 REGRESSION WARNING: Confirmation Pending Saturation (225 tracks). Probable Root Cause: Adaptive confirmation criteria not being met. Suggested Action: Lower TRACKING_FAST_CONFIRM_MIN_CONSISTENCY or check image quality.
WARNING  ecoface_lite.ai_engine.pipeline:pipeline.py:263 REGRESSION WARNING: FPS < 15 (Current: 10.03). Probable Root Cause: System resource exhaustion or high-resolution input. Suggested Action: Reduce input resolution or check CPU/GPU load.
WARNING  ecoface_lite.ai_engine.pipeline:pipeline.py:311 REGRESSION WARNING: Zero track recoveries despite active detections. Probable Root Cause: Ghosting window too small or association logic too strict. Suggested Action: Increase TRACKING_SOFT_RECOVERY_FRAMES or TEMPORAL_MAX_TRACK_DISTANCE.
WARNING  ecoface_lite.ai_engine.pipeline:pipeline.py:323 REGRESSION WARNING: Confirmation Pending Saturation (225 tracks). Probable Root Cause: Adaptive confirmation criteria not being met. Suggested Action: Lower TRACKING_FAST_CONFIRM_MIN_CONSISTENCY or check image quality.
WARNING  ecoface_lite.ai_engine.pipeline:pipeline.py:263 REGRESSION WARNING: FPS < 15 (Current: 10.32). Probable Root Cause: System resource exhaustion or high-resolution input. Suggested Action: Reduce input resolution or check CPU/GPU load.
WARNING  ecoface_lite.ai_engine.pipeline:pipeline.py:311 REGRESSION WARNING: Zero track recoveries despite active detections. Probable Root Cause: Ghosting window too small or association logic too strict. Suggested Action: Increase TRACKING_SOFT_RECOVERY_FRAMES or TEMPORAL_MAX_TRACK_DISTANCE.
WARNING  ecoface_lite.ai_engine.pipeline:pipeline.py:323 REGRESSION WARNING: Confirmation Pending Saturation (225 tracks). Probable Root Cause: Adaptive confirmation criteria not being met. Suggested Action: Lower TRACKING_FAST_CONFIRM_MIN_CONSISTENCY or check image quality.
WARNING  ecoface_lite.ai_engine.pipeline:pipeline.py:263 REGRESSION WARNING: FPS < 15 (Current: 11.29). Probable Root Cause: System resource exhaustion or high-resolution input. Suggested Action: Reduce input resolution or check CPU/GPU load.
WARNING  ecoface_lite.ai_engine.pipeline:pipeline.py:311 REGRESSION WARNING: Zero track recoveries despite active detections. Probable Root Cause: Ghosting window too small or association logic too strict. Suggested Action: Increase TRACKING_SOFT_RECOVERY_FRAMES or TEMPORAL_MAX_TRACK_DISTANCE.
WARNING  ecoface_lite.ai_engine.pipeline:pipeline.py:323 REGRESSION WARNING: Confirmation Pending Saturation (225 tracks). Probable Root Cause: Adaptive confirmation criteria not being met. Suggested Action: Lower TRACKING_FAST_CONFIRM_MIN_CONSISTENCY or check image quality.
WARNING  ecoface_lite.ai_engine.pipeline:pipeline.py:263 REGRESSION WARNING: FPS < 15 (Current: 10.19). Probable Root Cause: System resource exhaustion or high-resolution input. Suggested Action: Reduce input resolution or check CPU/GPU load.
WARNING  ecoface_lite.ai_engine.pipeline:pipeline.py:311 REGRESSION WARNING: Zero track recoveries despite active detections. Probable Root Cause: Ghosting window too small or association logic too strict. Suggested Action: Increase TRACKING_SOFT_RECOVERY_FRAMES or TEMPORAL_MAX_TRACK_DISTANCE.
WARNING  ecoface_lite.ai_engine.pipeline:pipeline.py:323 REGRESSION WARNING: Confirmation Pending Saturation (225 tracks). Probable Root Cause: Adaptive confirmation criteria not being met. Suggested Action: Lower TRACKING_FAST_CONFIRM_MIN_CONSISTENCY or check image quality.
WARNING  ecoface_lite.ai_engine.pipeline:pipeline.py:263 REGRESSION WARNING: FPS < 15 (Current: 10.87). Probable Root Cause: System resource exhaustion or high-resolution input. Suggested Action: Reduce input resolution or check CPU/GPU load.
WARNING  ecoface_lite.ai_engine.pipeline:pipeline.py:311 REGRESSION WARNING: Zero track recoveries despite active detections. Probable Root Cause: Ghosting window too small or association logic too strict. Suggested Action: Increase TRACKING_SOFT_RECOVERY_FRAMES or TEMPORAL_MAX_TRACK_DISTANCE.
WARNING  ecoface_lite.ai_engine.pipeline:pipeline.py:323 REGRESSION WARNING: Confirmation Pending Saturation (225 tracks). Probable Root Cause: Adaptive confirmation criteria not being met. Suggested Action: Lower TRACKING_FAST_CONFIRM_MIN_CONSISTENCY or check image quality.
WARNING  ecoface_lite.ai_engine.pipeline:pipeline.py:263 REGRESSION WARNING: FPS < 15 (Current: 12.48). Probable Root Cause: System resource exhaustion or high-resolution input. Suggested Action: Reduce input resolution or check CPU/GPU load.
WARNING  ecoface_lite.ai_engine.pipeline:pipeline.py:311 REGRESSION WARNING: Zero track recoveries despite active detections. Probable Root Cause: Ghosting window too small or association logic too strict. Suggested Action: Increase TRACKING_SOFT_RECOVERY_FRAMES or TEMPORAL_MAX_TRACK_DISTANCE.
WARNING  ecoface_lite.ai_engine.pipeline:pipeline.py:323 REGRESSION WARNING: Confirmation Pending Saturation (225 tracks). Probable Root Cause: Adaptive confirmation criteria not being met. Suggested Action: Lower TRACKING_FAST_CONFIRM_MIN_CONSISTENCY or check image quality.
WARNING  ecoface_lite.ai_engine.pipeline:pipeline.py:263 REGRESSION WARNING: FPS < 15 (Current: 12.87). Probable Root Cause: System resource exhaustion or high-resolution input. Suggested Action: Reduce input resolution or check CPU/GPU load.
WARNING  ecoface_lite.ai_engine.pipeline:pipeline.py:311 REGRESSION WARNING: Zero track recoveries despite active detections. Probable Root Cause: Ghosting window too small or association logic too strict. Suggested Action: Increase TRACKING_SOFT_RECOVERY_FRAMES or TEMPORAL_MAX_TRACK_DISTANCE.
WARNING  ecoface_lite.ai_engine.pipeline:pipeline.py:323 REGRESSION WARNING: Confirmation Pending Saturation (225 tracks). Probable Root Cause: Adaptive confirmation criteria not being met. Suggested Action: Lower TRACKING_FAST_CONFIRM_MIN_CONSISTENCY or check image quality.
WARNING  ecoface_lite.ai_engine.pipeline:pipeline.py:263 REGRESSION WARNING: FPS < 15 (Current: 11.10). Probable Root Cause: System resource exhaustion or high-resolution input. Suggested Action: Reduce input resolution or check CPU/GPU load.
WARNING  ecoface_lite.ai_engine.pipeline:pipeline.py:311 REGRESSION WARNING: Zero track recoveries despite active detections. Probable Root Cause: Ghosting window too small or association logic too strict. Suggested Action: Increase TRACKING_SOFT_RECOVERY_FRAMES or TEMPORAL_MAX_TRACK_DISTANCE.
WARNING  ecoface_lite.ai_engine.pipeline:pipeline.py:323 REGRESSION WARNING: Confirmation Pending Saturation (225 tracks). Probable Root Cause: Adaptive confirmation criteria not being met. Suggested Action: Lower TRACKING_FAST_CONFIRM_MIN_CONSISTENCY or check image quality.
WARNING  ecoface_lite.ai_engine.pipeline:pipeline.py:263 REGRESSION WARNING: FPS < 15 (Current: 11.06). Probable Root Cause: System resource exhaustion or high-resolution input. Suggested Action: Reduce input resolution or check CPU/GPU load.
WARNING  ecoface_lite.ai_engine.pipeline:pipeline.py:311 REGRESSION WARNING: Zero track recoveries despite active detections. Probable Root Cause: Ghosting window too small or association logic too strict. Suggested Action: Increase TRACKING_SOFT_RECOVERY_FRAMES or TEMPORAL_MAX_TRACK_DISTANCE.
WARNING  ecoface_lite.ai_engine.pipeline:pipeline.py:323 REGRESSION WARNING: Confirmation Pending Saturation (225 tracks). Probable Root Cause: Adaptive confirmation criteria not being met. Suggested Action: Lower TRACKING_FAST_CONFIRM_MIN_CONSISTENCY or check image quality.
WARNING  ecoface_lite.ai_engine.pipeline:pipeline.py:807 Detector overload frame_index=192 count=50. Activating load-shedding: interval=5
WARNING  ecoface_lite.ai_engine.pipeline:pipeline.py:263 REGRESSION WARNING: FPS < 15 (Current: 4.71). Probable Root Cause: System resource exhaustion or high-resolution input. Suggested Action: Reduce input resolution or check CPU/GPU load.
WARNING  ecoface_lite.ai_engine.pipeline:pipeline.py:311 REGRESSION WARNING: Zero track recoveries despite active detections. Probable Root Cause: Ghosting window too small or association logic too strict. Suggested Action: Increase TRACKING_SOFT_RECOVERY_FRAMES or TEMPORAL_MAX_TRACK_DISTANCE.
WARNING  ecoface_lite.ai_engine.pipeline:pipeline.py:323 REGRESSION WARNING: Confirmation Pending Saturation (225 tracks). Probable Root Cause: Adaptive confirmation criteria not being met. Suggested Action: Lower TRACKING_FAST_CONFIRM_MIN_CONSISTENCY or check image quality.
WARNING  ecoface_lite.ai_engine.pipeline:pipeline.py:263 REGRESSION WARNING: FPS < 15 (Current: 8.55). Probable Root Cause: System resource exhaustion or high-resolution input. Suggested Action: Reduce input resolution or check CPU/GPU load.
WARNING  ecoface_lite.ai_engine.pipeline:pipeline.py:311 REGRESSION WARNING: Zero track recoveries despite active detections. Probable Root Cause: Ghosting window too small or association logic too strict. Suggested Action: Increase TRACKING_SOFT_RECOVERY_FRAMES or TEMPORAL_MAX_TRACK_DISTANCE.
WARNING  ecoface_lite.ai_engine.pipeline:pipeline.py:323 REGRESSION WARNING: Confirmation Pending Saturation (225 tracks). Probable Root Cause: Adaptive confirmation criteria not being met. Suggested Action: Lower TRACKING_FAST_CONFIRM_MIN_CONSISTENCY or check image quality.
WARNING  ecoface_lite.ai_engine.pipeline:pipeline.py:263 REGRESSION WARNING: FPS < 15 (Current: 10.72). Probable Root Cause: System resource exhaustion or high-resolution input. Suggested Action: Reduce input resolution or check CPU/GPU load.
WARNING  ecoface_lite.ai_engine.pipeline:pipeline.py:311 REGRESSION WARNING: Zero track recoveries despite active detections. Probable Root Cause: Ghosting window too small or association logic too strict. Suggested Action: Increase TRACKING_SOFT_RECOVERY_FRAMES or TEMPORAL_MAX_TRACK_DISTANCE.
WARNING  ecoface_lite.ai_engine.pipeline:pipeline.py:323 REGRESSION WARNING: Confirmation Pending Saturation (225 tracks). Probable Root Cause: Adaptive confirmation criteria not being met. Suggested Action: Lower TRACKING_FAST_CONFIRM_MIN_CONSISTENCY or check image quality.
WARNING  ecoface_lite.ai_engine.pipeline:pipeline.py:263 REGRESSION WARNING: FPS < 15 (Current: 11.82). Probable Root Cause: System resource exhaustion or high-resolution input. Suggested Action: Reduce input resolution or check CPU/GPU load.
WARNING  ecoface_lite.ai_engine.pipeline:pipeline.py:311 REGRESSION WARNING: Zero track recoveries despite active detections. Probable Root Cause: Ghosting window too small or association logic too strict. Suggested Action: Increase TRACKING_SOFT_RECOVERY_FRAMES or TEMPORAL_MAX_TRACK_DISTANCE.
WARNING  ecoface_lite.ai_engine.pipeline:pipeline.py:323 REGRESSION WARNING: Confirmation Pending Saturation (225 tracks). Probable Root Cause: Adaptive confirmation criteria not being met. Suggested Action: Lower TRACKING_FAST_CONFIRM_MIN_CONSISTENCY or check image quality.
WARNING  ecoface_lite.ai_engine.pipeline:pipeline.py:263 REGRESSION WARNING: FPS < 15 (Current: 12.91). Probable Root Cause: System resource exhaustion or high-resolution input. Suggested Action: Reduce input resolution or check CPU/GPU load.
WARNING  ecoface_lite.ai_engine.pipeline:pipeline.py:311 REGRESSION WARNING: Zero track recoveries despite active detections. Probable Root Cause: Ghosting window too small or association logic too strict. Suggested Action: Increase TRACKING_SOFT_RECOVERY_FRAMES or TEMPORAL_MAX_TRACK_DISTANCE.
WARNING  ecoface_lite.ai_engine.pipeline:pipeline.py:323 REGRESSION WARNING: Confirmation Pending Saturation (225 tracks). Probable Root Cause: Adaptive confirmation criteria not being met. Suggested Action: Lower TRACKING_FAST_CONFIRM_MIN_CONSISTENCY or check image quality.
WARNING  ecoface_lite.ai_engine.pipeline:pipeline.py:263 REGRESSION WARNING: FPS < 15 (Current: 12.96). Probable Root Cause: System resource exhaustion or high-resolution input. Suggested Action: Reduce input resolution or check CPU/GPU load.
WARNING  ecoface_lite.ai_engine.pipeline:pipeline.py:311 REGRESSION WARNING: Zero track recoveries despite active detections. Probable Root Cause: Ghosting window too small or association logic too strict. Suggested Action: Increase TRACKING_SOFT_RECOVERY_FRAMES or TEMPORAL_MAX_TRACK_DISTANCE.
WARNING  ecoface_lite.ai_engine.pipeline:pipeline.py:323 REGRESSION WARNING: Confirmation Pending Saturation (225 tracks). Probable Root Cause: Adaptive confirmation criteria not being met. Suggested Action: Lower TRACKING_FAST_CONFIRM_MIN_CONSISTENCY or check image quality.
WARNING  ecoface_lite.ai_engine.pipeline:pipeline.py:263 REGRESSION WARNING: FPS < 15 (Current: 12.18). Probable Root Cause: System resource exhaustion or high-resolution input. Suggested Action: Reduce input resolution or check CPU/GPU load.
WARNING  ecoface_lite.ai_engine.pipeline:pipeline.py:311 REGRESSION WARNING: Zero track recoveries despite active detections. Probable Root Cause: Ghosting window too small or association logic too strict. Suggested Action: Increase TRACKING_SOFT_RECOVERY_FRAMES or TEMPORAL_MAX_TRACK_DISTANCE.
WARNING  ecoface_lite.ai_engine.pipeline:pipeline.py:323 REGRESSION WARNING: Confirmation Pending Saturation (225 tracks). Probable Root Cause: Adaptive confirmation criteria not being met. Suggested Action: Lower TRACKING_FAST_CONFIRM_MIN_CONSISTENCY or check image quality.
WARNING  ecoface_lite.ai_engine.pipeline:pipeline.py:263 REGRESSION WARNING: FPS < 15 (Current: 11.98). Probable Root Cause: System resource exhaustion or high-resolution input. Suggested Action: Reduce input resolution or check CPU/GPU load.
WARNING  ecoface_lite.ai_engine.pipeline:pipeline.py:311 REGRESSION WARNING: Zero track recoveries despite active detections. Probable Root Cause: Ghosting window too small or association logic too strict. Suggested Action: Increase TRACKING_SOFT_RECOVERY_FRAMES or TEMPORAL_MAX_TRACK_DISTANCE.
WARNING  ecoface_lite.ai_engine.pipeline:pipeline.py:323 REGRESSION WARNING: Confirmation Pending Saturation (225 tracks). Probable Root Cause: Adaptive confirmation criteria not being met. Suggested Action: Lower TRACKING_FAST_CONFIRM_MIN_CONSISTENCY or check image quality.
WARNING  ecoface_lite.ai_engine.pipeline:pipeline.py:263 REGRESSION WARNING: FPS < 15 (Current: 11.65). Probable Root Cause: System resource exhaustion or high-resolution input. Suggested Action: Reduce input resolution or check CPU/GPU load.
WARNING  ecoface_lite.ai_engine.pipeline:pipeline.py:311 REGRESSION WARNING: Zero track recoveries despite active detections. Probable Root Cause: Ghosting window too small or association logic too strict. Suggested Action: Increase TRACKING_SOFT_RECOVERY_FRAMES or TEMPORAL_MAX_TRACK_DISTANCE.
WARNING  ecoface_lite.ai_engine.pipeline:pipeline.py:323 REGRESSION WARNING: Confirmation Pending Saturation (225 tracks). Probable Root Cause: Adaptive confirmation criteria not being met. Suggested Action: Lower TRACKING_FAST_CONFIRM_MIN_CONSISTENCY or check image quality.
WARNING  ecoface_lite.ai_engine.pipeline:pipeline.py:263 REGRESSION WARNING: FPS < 15 (Current: 11.17). Probable Root Cause: System resource exhaustion or high-resolution input. Suggested Action: Reduce input resolution or check CPU/GPU load.
WARNING  ecoface_lite.ai_engine.pipeline:pipeline.py:311 REGRESSION WARNING: Zero track recoveries despite active detections. Probable Root Cause: Ghosting window too small or association logic too strict. Suggested Action: Increase TRACKING_SOFT_RECOVERY_FRAMES or TEMPORAL_MAX_TRACK_DISTANCE.
WARNING  ecoface_lite.ai_engine.pipeline:pipeline.py:323 REGRESSION WARNING: Confirmation Pending Saturation (225 tracks). Probable Root Cause: Adaptive confirmation criteria not being met. Suggested Action: Lower TRACKING_FAST_CONFIRM_MIN_CONSISTENCY or check image quality.
WARNING  ecoface_lite.ai_engine.pipeline:pipeline.py:263 REGRESSION WARNING: FPS < 15 (Current: 13.20). Probable Root Cause: System resource exhaustion or high-resolution input. Suggested Action: Reduce input resolution or check CPU/GPU load.
WARNING  ecoface_lite.ai_engine.pipeline:pipeline.py:311 REGRESSION WARNING: Zero track recoveries despite active detections. Probable Root Cause: Ghosting window too small or association logic too strict. Suggested Action: Increase TRACKING_SOFT_RECOVERY_FRAMES or TEMPORAL_MAX_TRACK_DISTANCE.
WARNING  ecoface_lite.ai_engine.pipeline:pipeline.py:323 REGRESSION WARNING: Confirmation Pending Saturation (225 tracks). Probable Root Cause: Adaptive confirmation criteria not being met. Suggested Action: Lower TRACKING_FAST_CONFIRM_MIN_CONSISTENCY or check image quality.
WARNING  ecoface_lite.ai_engine.pipeline:pipeline.py:263 REGRESSION WARNING: FPS < 15 (Current: 12.38). Probable Root Cause: System resource exhaustion or high-resolution input. Suggested Action: Reduce input resolution or check CPU/GPU load.
WARNING  ecoface_lite.ai_engine.pipeline:pipeline.py:311 REGRESSION WARNING: Zero track recoveries despite active detections. Probable Root Cause: Ghosting window too small or association logic too strict. Suggested Action: Increase TRACKING_SOFT_RECOVERY_FRAMES or TEMPORAL_MAX_TRACK_DISTANCE.
WARNING  ecoface_lite.ai_engine.pipeline:pipeline.py:323 REGRESSION WARNING: Confirmation Pending Saturation (225 tracks). Probable Root Cause: Adaptive confirmation criteria not being met. Suggested Action: Lower TRACKING_FAST_CONFIRM_MIN_CONSISTENCY or check image quality.
WARNING  ecoface_lite.ai_engine.pipeline:pipeline.py:807 Detector overload frame_index=204 count=50. Activating load-shedding: interval=5
WARNING  ecoface_lite.ai_engine.pipeline:pipeline.py:263 REGRESSION WARNING: FPS < 15 (Current: 4.92). Probable Root Cause: System resource exhaustion or high-resolution input. Suggested Action: Reduce input resolution or check CPU/GPU load.
WARNING  ecoface_lite.ai_engine.pipeline:pipeline.py:311 REGRESSION WARNING: Zero track recoveries despite active detections. Probable Root Cause: Ghosting window too small or association logic too strict. Suggested Action: Increase TRACKING_SOFT_RECOVERY_FRAMES or TEMPORAL_MAX_TRACK_DISTANCE.
WARNING  ecoface_lite.ai_engine.pipeline:pipeline.py:323 REGRESSION WARNING: Confirmation Pending Saturation (225 tracks). Probable Root Cause: Adaptive confirmation criteria not being met. Suggested Action: Lower TRACKING_FAST_CONFIRM_MIN_CONSISTENCY or check image quality.
WARNING  ecoface_lite.ai_engine.pipeline:pipeline.py:263 REGRESSION WARNING: FPS < 15 (Current: 11.88). Probable Root Cause: System resource exhaustion or high-resolution input. Suggested Action: Reduce input resolution or check CPU/GPU load.
WARNING  ecoface_lite.ai_engine.pipeline:pipeline.py:311 REGRESSION WARNING: Zero track recoveries despite active detections. Probable Root Cause: Ghosting window too small or association logic too strict. Suggested Action: Increase TRACKING_SOFT_RECOVERY_FRAMES or TEMPORAL_MAX_TRACK_DISTANCE.
WARNING  ecoface_lite.ai_engine.pipeline:pipeline.py:323 REGRESSION WARNING: Confirmation Pending Saturation (225 tracks). Probable Root Cause: Adaptive confirmation criteria not being met. Suggested Action: Lower TRACKING_FAST_CONFIRM_MIN_CONSISTENCY or check image quality.
WARNING  ecoface_lite.ai_engine.pipeline:pipeline.py:263 REGRESSION WARNING: FPS < 15 (Current: 4.98). Probable Root Cause: System resource exhaustion or high-resolution input. Suggested Action: Reduce input resolution or check CPU/GPU load.
WARNING  ecoface_lite.ai_engine.pipeline:pipeline.py:311 REGRESSION WARNING: Zero track recoveries despite active detections. Probable Root Cause: Ghosting window too small or association logic too strict. Suggested Action: Increase TRACKING_SOFT_RECOVERY_FRAMES or TEMPORAL_MAX_TRACK_DISTANCE.
WARNING  ecoface_lite.ai_engine.pipeline:pipeline.py:323 REGRESSION WARNING: Confirmation Pending Saturation (225 tracks). Probable Root Cause: Adaptive confirmation criteria not being met. Suggested Action: Lower TRACKING_FAST_CONFIRM_MIN_CONSISTENCY or check image quality.
WARNING  ecoface_lite.ai_engine.pipeline:pipeline.py:263 REGRESSION WARNING: FPS < 15 (Current: 10.36). Probable Root Cause: System resource exhaustion or high-resolution input. Suggested Action: Reduce input resolution or check CPU/GPU load.
WARNING  ecoface_lite.ai_engine.pipeline:pipeline.py:311 REGRESSION WARNING: Zero track recoveries despite active detections. Probable Root Cause: Ghosting window too small or association logic too strict. Suggested Action: Increase TRACKING_SOFT_RECOVERY_FRAMES or TEMPORAL_MAX_TRACK_DISTANCE.
WARNING  ecoface_lite.ai_engine.pipeline:pipeline.py:323 REGRESSION WARNING: Confirmation Pending Saturation (225 tracks). Probable Root Cause: Adaptive confirmation criteria not being met. Suggested Action: Lower TRACKING_FAST_CONFIRM_MIN_CONSISTENCY or check image quality.
WARNING  ecoface_lite.ai_engine.pipeline:pipeline.py:263 REGRESSION WARNING: FPS < 15 (Current: 11.14). Probable Root Cause: System resource exhaustion or high-resolution input. Suggested Action: Reduce input resolution or check CPU/GPU load.
WARNING  ecoface_lite.ai_engine.pipeline:pipeline.py:311 REGRESSION WARNING: Zero track recoveries despite active detections. Probable Root Cause: Ghosting window too small or association logic too strict. Suggested Action: Increase TRACKING_SOFT_RECOVERY_FRAMES or TEMPORAL_MAX_TRACK_DISTANCE.
WARNING  ecoface_lite.ai_engine.pipeline:pipeline.py:323 REGRESSION WARNING: Confirmation Pending Saturation (225 tracks). Probable Root Cause: Adaptive confirmation criteria not being met. Suggested Action: Lower TRACKING_FAST_CONFIRM_MIN_CONSISTENCY or check image quality.
WARNING  ecoface_lite.ai_engine.pipeline:pipeline.py:263 REGRESSION WARNING: FPS < 15 (Current: 9.24). Probable Root Cause: System resource exhaustion or high-resolution input. Suggested Action: Reduce input resolution or check CPU/GPU load.
WARNING  ecoface_lite.ai_engine.pipeline:pipeline.py:311 REGRESSION WARNING: Zero track recoveries despite active detections. Probable Root Cause: Ghosting window too small or association logic too strict. Suggested Action: Increase TRACKING_SOFT_RECOVERY_FRAMES or TEMPORAL_MAX_TRACK_DISTANCE.
WARNING  ecoface_lite.ai_engine.pipeline:pipeline.py:323 REGRESSION WARNING: Confirmation Pending Saturation (225 tracks). Probable Root Cause: Adaptive confirmation criteria not being met. Suggested Action: Lower TRACKING_FAST_CONFIRM_MIN_CONSISTENCY or check image quality.
WARNING  ecoface_lite.ai_engine.pipeline:pipeline.py:263 REGRESSION WARNING: FPS < 15 (Current: 9.86). Probable Root Cause: System resource exhaustion or high-resolution input. Suggested Action: Reduce input resolution or check CPU/GPU load.
WARNING  ecoface_lite.ai_engine.pipeline:pipeline.py:311 REGRESSION WARNING: Zero track recoveries despite active detections. Probable Root Cause: Ghosting window too small or association logic too strict. Suggested Action: Increase TRACKING_SOFT_RECOVERY_FRAMES or TEMPORAL_MAX_TRACK_DISTANCE.
WARNING  ecoface_lite.ai_engine.pipeline:pipeline.py:323 REGRESSION WARNING: Confirmation Pending Saturation (225 tracks). Probable Root Cause: Adaptive confirmation criteria not being met. Suggested Action: Lower TRACKING_FAST_CONFIRM_MIN_CONSISTENCY or check image quality.
WARNING  ecoface_lite.ai_engine.pipeline:pipeline.py:263 REGRESSION WARNING: FPS < 15 (Current: 11.70). Probable Root Cause: System resource exhaustion or high-resolution input. Suggested Action: Reduce input resolution or check CPU/GPU load.
WARNING  ecoface_lite.ai_engine.pipeline:pipeline.py:311 REGRESSION WARNING: Zero track recoveries despite active detections. Probable Root Cause: Ghosting window too small or association logic too strict. Suggested Action: Increase TRACKING_SOFT_RECOVERY_FRAMES or TEMPORAL_MAX_TRACK_DISTANCE.
WARNING  ecoface_lite.ai_engine.pipeline:pipeline.py:323 REGRESSION WARNING: Confirmation Pending Saturation (225 tracks). Probable Root Cause: Adaptive confirmation criteria not being met. Suggested Action: Lower TRACKING_FAST_CONFIRM_MIN_CONSISTENCY or check image quality.
WARNING  ecoface_lite.ai_engine.pipeline:pipeline.py:263 REGRESSION WARNING: FPS < 15 (Current: 11.50). Probable Root Cause: System resource exhaustion or high-resolution input. Suggested Action: Reduce input resolution or check CPU/GPU load.
WARNING  ecoface_lite.ai_engine.pipeline:pipeline.py:311 REGRESSION WARNING: Zero track recoveries despite active detections. Probable Root Cause: Ghosting window too small or association logic too strict. Suggested Action: Increase TRACKING_SOFT_RECOVERY_FRAMES or TEMPORAL_MAX_TRACK_DISTANCE.
WARNING  ecoface_lite.ai_engine.pipeline:pipeline.py:323 REGRESSION WARNING: Confirmation Pending Saturation (225 tracks). Probable Root Cause: Adaptive confirmation criteria not being met. Suggested Action: Lower TRACKING_FAST_CONFIRM_MIN_CONSISTENCY or check image quality.
WARNING  ecoface_lite.ai_engine.pipeline:pipeline.py:263 REGRESSION WARNING: FPS < 15 (Current: 12.26). Probable Root Cause: System resource exhaustion or high-resolution input. Suggested Action: Reduce input resolution or check CPU/GPU load.
WARNING  ecoface_lite.ai_engine.pipeline:pipeline.py:311 REGRESSION WARNING: Zero track recoveries despite active detections. Probable Root Cause: Ghosting window too small or association logic too strict. Suggested Action: Increase TRACKING_SOFT_RECOVERY_FRAMES or TEMPORAL_MAX_TRACK_DISTANCE.
WARNING  ecoface_lite.ai_engine.pipeline:pipeline.py:323 REGRESSION WARNING: Confirmation Pending Saturation (225 tracks). Probable Root Cause: Adaptive confirmation criteria not being met. Suggested Action: Lower TRACKING_FAST_CONFIRM_MIN_CONSISTENCY or check image quality.
WARNING  ecoface_lite.ai_engine.pipeline:pipeline.py:263 REGRESSION WARNING: FPS < 15 (Current: 10.76). Probable Root Cause: System resource exhaustion or high-resolution input. Suggested Action: Reduce input resolution or check CPU/GPU load.
WARNING  ecoface_lite.ai_engine.pipeline:pipeline.py:311 REGRESSION WARNING: Zero track recoveries despite active detections. Probable Root Cause: Ghosting window too small or association logic too strict. Suggested Action: Increase TRACKING_SOFT_RECOVERY_FRAMES or TEMPORAL_MAX_TRACK_DISTANCE.
WARNING  ecoface_lite.ai_engine.pipeline:pipeline.py:323 REGRESSION WARNING: Confirmation Pending Saturation (225 tracks). Probable Root Cause: Adaptive confirmation criteria not being met. Suggested Action: Lower TRACKING_FAST_CONFIRM_MIN_CONSISTENCY or check image quality.
WARNING  ecoface_lite.ai_engine.pipeline:pipeline.py:263 REGRESSION WARNING: FPS < 15 (Current: 10.47). Probable Root Cause: System resource exhaustion or high-resolution input. Suggested Action: Reduce input resolution or check CPU/GPU load.
WARNING  ecoface_lite.ai_engine.pipeline:pipeline.py:311 REGRESSION WARNING: Zero track recoveries despite active detections. Probable Root Cause: Ghosting window too small or association logic too strict. Suggested Action: Increase TRACKING_SOFT_RECOVERY_FRAMES or TEMPORAL_MAX_TRACK_DISTANCE.
WARNING  ecoface_lite.ai_engine.pipeline:pipeline.py:323 REGRESSION WARNING: Confirmation Pending Saturation (225 tracks). Probable Root Cause: Adaptive confirmation criteria not being met. Suggested Action: Lower TRACKING_FAST_CONFIRM_MIN_CONSISTENCY or check image quality.
=========================== short test summary info ===========================
FAILED tests/stress_phase_1_2.py::test_phase_2_coarse_track_audit - Assertion...
============================= 1 failed in 22.32s ==============================
